globals.css: 19 colours, 3 radii, 3 shadows; 50/50 spec assertions match.
Wrote:
 - apps/android/app/src/main/java/com/sanvya/app/theme/Color.kt
 - apps/android/app/src/main/java/com/sanvya/app/theme/Shape.kt
 - apps/android/app/src/main/java/com/sanvya/app/theme/Type.kt
 - apps/android/app/src/main/java/com/sanvya/app/theme/Elevation.kt
 - apps/android/app/src/main/java/com/sanvya/app/theme/Motion.kt
 - apps/android/app/src/main/java/com/sanvya/app/theme/Metrics.kt
 - apps/android/app/src/main/java/com/sanvya/app/theme/Theme.kt
 - apps/ios/App/Theme/Colors.swift
 - apps/ios/App/Theme/Shape.swift
 - apps/ios/App/Theme/Typography.swift
 - apps/ios/App/Theme/Elevation.swift
 - apps/ios/App/Theme/Motion.swift
 - apps/ios/App/Theme/Metrics.swift
i18n: 29 namespaces, 1399 entries (17 plural), 3 locales — key sets aligned.
Wrote:
 - apps/android/app/src/main/res/values/strings.xml
 - apps/android/app/src/main/res/values-hi/strings.xml
 - apps/android/app/src/main/res/values-nl/strings.xml
 - apps/android/app/src/main/java/com/sanvya/app/i18n/S.kt
 - apps/ios/App/Resources/Localizable.xcstrings
 - apps/ios/App/Generated/S.swift
icons: 58 names parsed from MaterialIcon.tsx
Wrote:
 - apps/android/app/src/main/java/com/sanvya/app/theme/Icons.kt
 - apps/ios/App/Theme/Icons.swift
money-format: 161 currency locales parsed
Wrote:
 - apps/ios/Domain/Sources/Domain/MoneyFormat.swift
 - apps/android/domain/src/main/kotlin/com/sanvya/app/domain/money/MoneyFormat.kt
catalog: 9 currencies, 4 periods, 7 account types (3 investment), 18 colours, 8+8 chart colours, 5 genders, 17 countries.
Wrote:
 - apps/android/app/src/main/java/com/sanvya/app/ui/FormOptions.kt
 - apps/ios/App/FormOptions.swift
tiles: 14 tiles (5 premium), 3 on by default, widths sm=1/md=2/lg=4
Wrote:
 - apps/android/app/src/main/java/com/sanvya/app/ui/dashboard/TileCatalog.kt
 - apps/ios/App/TileCatalog.swift
Wrote 64 tables to tools/golden-vectors/vectors/mobile-schema.json
Wrote 64 tables to:
  apps/android/domain/src/main/kotlin/com/sanvya/app/domain/db/PocketCareSchema.kt
  apps/ios/Domain/Sources/Domain/PocketCareSchema.swift
swift-traps: 183 files, 2 rules, 0 hit(s)
kotlin-imports: 167 files, 30 symbols, 0 hit(s)
