To honour the JVM settings for this build a single-use Daemon process will be forked. For more on this, please refer to https://docs.gradle.org/9.4.1/userguide/gradle_daemon.html#sec:disabling_the_daemon in the Gradle documentation.
Daemon will be stopped at the end of the build 
> Task :data:preBuild UP-TO-DATE
> Task :domain:checkKotlinGradlePluginConfigurationErrors SKIPPED
> Task :app:preBuild UP-TO-DATE
> Task :data:preDebugBuild UP-TO-DATE
> Task :app:preDebugBuild UP-TO-DATE
> Task :app:mergeDebugNativeDebugMetadata NO-SOURCE
> Task :app:generateDebugResources FROM-CACHE
> Task :data:processDebugNavigationResources FROM-CACHE
> Task :data:generateDebugResources FROM-CACHE
> Task :app:processDebugGoogleServices FROM-CACHE
> Task :data:packageDebugResources FROM-CACHE
> Task :app:packageDebugResources FROM-CACHE
> Task :domain:compileKotlin FROM-CACHE
> Task :domain:compileJava NO-SOURCE
> Task :domain:processResources NO-SOURCE
> Task :domain:classes UP-TO-DATE
> Task :domain:jar
> Task :domain:assemble
> Task :app:processDebugNavigationResources FROM-CACHE
> Task :data:parseDebugLocalResources FROM-CACHE
> Task :data:generateDebugRFile FROM-CACHE
> Task :domain:compileTestKotlin FROM-CACHE
> Task :domain:compileTestJava NO-SOURCE
> Task :domain:processTestResources
> Task :domain:testClasses
> Task :domain:test FROM-CACHE
> Task :domain:check UP-TO-DATE
> Task :domain:build
> Task :data:compileDebugKotlin FROM-CACHE
> Task :data:javaPreCompileDebug FROM-CACHE
> Task :data:compileDebugJavaWithJavac NO-SOURCE
> Task :app:parseDebugLocalResources FROM-CACHE
> Task :app:generateDebugRFile FROM-CACHE
> Task :app:javaPreCompileDebug FROM-CACHE
> Task :app:generateDebugAssets UP-TO-DATE
> Task :app:generateDebugGlobalSynthetics FROM-CACHE
> Task :data:generateDebugAssets UP-TO-DATE
> Task :data:bundleLibCompileToJarDebug
> Task :app:desugarDebugFileDependencies FROM-CACHE
> Task :app:mapDebugSourceSetPaths
> Task :app:compileDebugNavigationResources FROM-CACHE
> Task :data:mergeDebugAssets
> Task :data:processDebugJavaRes
> Task :app:checkDebugDuplicateClasses
> Task :data:bundleLibRuntimeToDirDebug
> Task :data:extractDeepLinksDebug FROM-CACHE
> Task :data:writeDebugAarMetadata
> Task :data:processDebugManifest FROM-CACHE
> Task :data:mapDebugSourceSetPaths
> Task :data:compileDebugLibraryResources FROM-CACHE
> Task :data:mergeDebugJniLibFolders
> Task :app:mergeDebugResources FROM-CACHE
> Task :data:mergeDebugNativeLibs NO-SOURCE
> Task :data:preReleaseBuild UP-TO-DATE
> Task :data:copyDebugJniLibsProjectOnly
> Task :data:mergeReleaseJniLibFolders
> Task :data:mergeReleaseNativeLibs NO-SOURCE
> Task :data:copyReleaseJniLibsProjectOnly
> Task :data:generateReleaseResources FROM-CACHE
> Task :data:packageReleaseResources FROM-CACHE
> Task :data:processReleaseNavigationResources FROM-CACHE
> Task :data:parseReleaseLocalResources FROM-CACHE
> Task :data:generateReleaseRFile FROM-CACHE
> Task :data:compileReleaseKotlin FROM-CACHE
> Task :data:javaPreCompileRelease FROM-CACHE
> Task :data:compileReleaseJavaWithJavac NO-SOURCE
> Task :data:writeReleaseAarMetadata
> Task :data:extractDeepLinksRelease FROM-CACHE
> Task :data:processReleaseManifest FROM-CACHE
> Task :data:mapReleaseSourceSetPaths
> Task :data:compileReleaseLibraryResources FROM-CACHE
> Task :data:prepareReleaseArtProfile
> Task :data:bundleLibCompileToJarRelease
> Task :data:generateReleaseAssets UP-TO-DATE
> Task :data:mergeReleaseAssets
> Task :data:processReleaseJavaRes
> Task :data:bundleLibRuntimeToJarRelease
> Task :data:extractProguardFiles
> Task :data:createFullJarRelease
> Task :data:bundleLibRuntimeToDirRelease
> Task :app:mergeDebugAssets
> Task :app:compressDebugAssets FROM-CACHE
> Task :data:generateReleaseLintModel
> Task :data:prepareLintJarForPublish
> Task :data:stripReleaseDebugSymbols NO-SOURCE
> Task :data:copyReleaseJniLibsProjectAndLocalJars
> Task :data:extractDeepLinksForAarRelease FROM-CACHE
> Task :data:checkReleaseAarMetadata
> Task :app:mergeExtDexDebug FROM-CACHE
> Task :app:mergeLibDexDebug FROM-CACHE
> Task :app:createDebugCompatibleScreenManifests
> Task :app:checkDebugAarMetadata
> Task :app:extractDeepLinksDebug FROM-CACHE
> Task :data:extractReleaseAnnotations FROM-CACHE
> Task :data:mergeReleaseGeneratedProguardFiles
> Task :data:mergeReleaseConsumerProguardFiles
> Task :data:lintVitalAnalyzeRelease FROM-CACHE
> Task :data:writeReleaseLintModelMetadata
> Task :data:generateReleaseLintVitalModel
> Task :data:mergeReleaseJavaResource
> Task :app:processDebugMainManifest FROM-CACHE
> Task :data:checkDebugAarMetadata
> Task :app:processDebugManifest FROM-CACHE
> Task :app:processDebugManifestForPackage FROM-CACHE
> Task :data:syncReleaseLibJars FROM-CACHE
> Task :data:bundleReleaseLocalLintAar
> Task :data:stripDebugDebugSymbols NO-SOURCE
> Task :data:extractDebugAnnotations FROM-CACHE
> Task :data:extractDeepLinksForAarDebug FROM-CACHE
> Task :data:mergeDebugGeneratedProguardFiles
> Task :data:mergeDebugConsumerProguardFiles
> Task :data:prepareDebugArtProfile
> Task :data:copyDebugJniLibsProjectAndLocalJars
> Task :data:mergeDebugJavaResource
> Task :data:syncDebugLibJars FROM-CACHE
> Task :data:bundleLibRuntimeToJarDebug
> Task :app:processDebugResources FROM-CACHE
> Task :data:bundleDebugLocalLintAar
> Task :app:mergeDebugJniLibFolders
> Task :data:createFullJarDebug
> Task :data:writeDebugLintModelMetadata
> Task :data:generateDebugLintModel
> Task :data:lintAnalyzeDebug FROM-CACHE
> Task :data:preDebugAndroidTestBuild UP-TO-DATE
> Task :data:generateDebugAndroidTestLintModel
> Task :data:preDebugUnitTestBuild UP-TO-DATE
> Task :app:mergeDebugNativeLibs
> Task :data:generateDebugUnitTestLintModel
> Task :data:lintAnalyzeDebugAndroidTest FROM-CACHE
> Task :data:lintAnalyzeDebugUnitTest FROM-CACHE
> Task :data:bundleDebugAar
> Task :data:assembleDebug
> Task :data:bundleReleaseAar
> Task :data:mergeReleaseResources FROM-CACHE
> Task :data:verifyReleaseResources FROM-CACHE
> Task :data:assembleRelease
> Task :data:assemble
> Task :data:generateDebugLintReportModel
> Task :data:generateDebugUnitTestStubRFile FROM-CACHE
> Task :data:compileDebugUnitTestKotlin FROM-CACHE
> Task :data:javaPreCompileDebugUnitTest FROM-CACHE
> Task :data:compileDebugUnitTestJavaWithJavac NO-SOURCE
> Task :data:processDebugUnitTestJavaRes
> Task :data:testDebugUnitTest FROM-CACHE
> Task :data:test UP-TO-DATE
> Task :app:validateSigningDebug
> Task :app:writeDebugAppMetadata
> Task :app:writeDebugSigningConfigVersions
> Task :app:preReleaseBuild UP-TO-DATE
> Task :app:mergeReleaseJniLibFolders
> Task :app:stripDebugDebugSymbols
> Task :app:checkReleaseDuplicateClasses
> Task :app:generateReleaseResources FROM-CACHE
> Task :app:processReleaseGoogleServices FROM-CACHE
> Task :app:packageReleaseResources FROM-CACHE
> Task :app:processReleaseNavigationResources FROM-CACHE
> Task :app:mergeReleaseNativeLibs
> Task :app:parseReleaseLocalResources FROM-CACHE
> Task :app:generateReleaseRFile FROM-CACHE
> Task :app:stripReleaseDebugSymbols
> Task :app:extractReleaseNativeSymbolTables FROM-CACHE

> Task :data:lintReportDebug
Wrote HTML report to file:///home/runner/work/pocketcare-app/pocketcare-app/apps/android/data/build/reports/lint-results-debug.html

> Task :app:javaPreCompileRelease FROM-CACHE
> Task :app:checkReleaseAarMetadata
> Task :app:mapReleaseSourceSetPaths
> Task :app:compileReleaseNavigationResources FROM-CACHE
> Task :app:mergeReleaseResources FROM-CACHE
> Task :app:createReleaseCompatibleScreenManifests
> Task :app:extractDeepLinksRelease FROM-CACHE
> Task :app:processReleaseMainManifest FROM-CACHE
> Task :app:processReleaseManifest FROM-CACHE
> Task :app:processReleaseManifestForPackage FROM-CACHE
> Task :app:mergeReleaseNativeDebugMetadata
> Task :data:lintDebug
> Task :data:lint
> Task :data:check
> Task :data:build
> Task :app:processReleaseResources FROM-CACHE
> Task :app:desugarReleaseFileDependencies FROM-CACHE
> Task :app:mergeReleaseStartupProfile
> Task :app:mergeExtDexRelease FROM-CACHE
> Task :app:generateReleaseAssets UP-TO-DATE
> Task :app:mergeReleaseArtProfile
> Task :app:mergeReleaseAssets
> Task :app:compressReleaseAssets FROM-CACHE
> Task :app:extractReleaseVersionControlInfo
> Task :app:extractProguardFiles
> Task :app:optimizeReleaseResources FROM-CACHE
> Task :app:collectReleaseDependencies
> Task :app:sdkReleaseDependencyData
> Task :app:writeReleaseAppMetadata
> Task :app:writeReleaseSigningConfigVersions
> Task :app:preDebugAndroidTestBuild SKIPPED
> Task :app:preDebugUnitTestBuild UP-TO-DATE
> Task :app:javaPreCompileDebugUnitTest FROM-CACHE
> Task :app:compileDebugKotlin
> Task :app:compileReleaseKotlin
w: file:///home/runner/work/pocketcare-app/pocketcare-app/apps/android/app/src/main/java/com/sanvya/app/ui/SettingsScreen.kt:48:21 'val LocalClipboardManager: ProvidableCompositionLocal<ClipboardManager>' is deprecated. Use LocalClipboard instead which supports suspend functions.
w: file:///home/runner/work/pocketcare-app/pocketcare-app/apps/android/app/src/main/java/com/sanvya/app/ui/SettingsScreen.kt:439:136 'interface ClipboardManager : Any' is deprecated. Use Clipboard instead, which supports suspend functions.
w: file:///home/runner/work/pocketcare-app/pocketcare-app/apps/android/app/src/main/java/com/sanvya/app/ui/SettingsScreen.kt:476:45 'interface ClipboardManager : Any' is deprecated. Use Clipboard instead, which supports suspend functions.
w: file:///home/runner/work/pocketcare-app/pocketcare-app/apps/android/app/src/main/java/com/sanvya/app/ui/accounts/CreateAccountScreen.kt:55:44 'val Icons.Filled.ArrowBack: ImageVector' is deprecated. Use the AutoMirrored version at Icons.AutoMirrored.Filled.ArrowBack.
w: file:///home/runner/work/pocketcare-app/pocketcare-app/apps/android/app/src/main/java/com/sanvya/app/ui/accounts/EditAccountScreen.kt:54:44 'val Icons.Filled.ArrowBack: ImageVector' is deprecated. Use the AutoMirrored version at Icons.AutoMirrored.Filled.ArrowBack.
w: file:///home/runner/work/pocketcare-app/pocketcare-app/apps/android/app/src/main/java/com/sanvya/app/ui/budgets/CreateBudgetScreen.kt:88:44 'val Icons.Filled.ArrowBack: ImageVector' is deprecated. Use the AutoMirrored version at Icons.AutoMirrored.Filled.ArrowBack.
w: file:///home/runner/work/pocketcare-app/pocketcare-app/apps/android/app/src/main/java/com/sanvya/app/ui/budgets/CreateBudgetScreen.kt:120:45 'fun Modifier.menuAnchor(): Modifier' is deprecated. Use overload that takes ExposedDropdownMenuAnchorType and enabled parameters.
w: file:///home/runner/work/pocketcare-app/pocketcare-app/apps/android/app/src/main/java/com/sanvya/app/ui/budgets/EditBudgetScreen.kt:88:44 'val Icons.Filled.ArrowBack: ImageVector' is deprecated. Use the AutoMirrored version at Icons.AutoMirrored.Filled.ArrowBack.
w: file:///home/runner/work/pocketcare-app/pocketcare-app/apps/android/app/src/main/java/com/sanvya/app/ui/components/Modifiers.kt:48:15 'fun asFrameworkPaint(): Paint' is deprecated. Use platform-specific extension to get platform reference.
w: file:///home/runner/work/pocketcare-app/pocketcare-app/apps/android/app/src/main/java/com/sanvya/app/ui/goals/AllocateGoalDialog.kt:58:49 'fun Modifier.menuAnchor(): Modifier' is deprecated. Use overload that takes ExposedDropdownMenuAnchorType and enabled parameters.
w: file:///home/runner/work/pocketcare-app/pocketcare-app/apps/android/app/src/main/java/com/sanvya/app/ui/goals/CreateGoalScreen.kt:71:44 'val Icons.Filled.ArrowBack: ImageVector' is deprecated. Use the AutoMirrored version at Icons.AutoMirrored.Filled.ArrowBack.
w: file:///home/runner/work/pocketcare-app/pocketcare-app/apps/android/app/src/main/java/com/sanvya/app/ui/goals/CreateGoalScreen.kt:103:45 'fun Modifier.menuAnchor(): Modifier' is deprecated. Use overload that takes ExposedDropdownMenuAnchorType and enabled parameters.
w: file:///home/runner/work/pocketcare-app/pocketcare-app/apps/android/app/src/main/java/com/sanvya/app/ui/goals/EditGoalScreen.kt:79:44 'val Icons.Filled.ArrowBack: ImageVector' is deprecated. Use the AutoMirrored version at Icons.AutoMirrored.Filled.ArrowBack.
w: file:///home/runner/work/pocketcare-app/pocketcare-app/apps/android/app/src/main/java/com/sanvya/app/ui/insights/InsightsViewModel.kt:319:81 Unnecessary non-null assertion (!!) on a non-null receiver of type 'CatSpike'.
w: file:///home/runner/work/pocketcare-app/pocketcare-app/apps/android/app/src/main/java/com/sanvya/app/ui/insights/InsightsViewModel.kt:319:104 Unnecessary non-null assertion (!!) on a non-null receiver of type 'CatSpike'.
w: file:///home/runner/work/pocketcare-app/pocketcare-app/apps/android/app/src/main/java/com/sanvya/app/ui/investments/AddHoldingScreen.kt:92:44 'val Icons.Filled.ArrowBack: ImageVector' is deprecated. Use the AutoMirrored version at Icons.AutoMirrored.Filled.ArrowBack.
w: file:///home/runner/work/pocketcare-app/pocketcare-app/apps/android/app/src/main/java/com/sanvya/app/ui/investments/AddHoldingScreen.kt:121:60 'fun Modifier.menuAnchor(): Modifier' is deprecated. Use overload that takes ExposedDropdownMenuAnchorType and enabled parameters.
w: file:///home/runner/work/pocketcare-app/pocketcare-app/apps/android/app/src/main/java/com/sanvya/app/ui/investments/AddHoldingScreen.kt:225:64 'fun Modifier.menuAnchor(): Modifier' is deprecated. Use overload that takes ExposedDropdownMenuAnchorType and enabled parameters.
w: file:///home/runner/work/pocketcare-app/pocketcare-app/apps/android/app/src/main/java/com/sanvya/app/ui/loans/AddLoanScreen.kt:79:44 'val Icons.Filled.ArrowBack: ImageVector' is deprecated. Use the AutoMirrored version at Icons.AutoMirrored.Filled.ArrowBack.
w: file:///home/runner/work/pocketcare-app/pocketcare-app/apps/android/app/src/main/java/com/sanvya/app/ui/loans/AddLoanScreen.kt:163:56 'fun Modifier.menuAnchor(): Modifier' is deprecated. Use overload that takes ExposedDropdownMenuAnchorType and enabled parameters.
w: file:///home/runner/work/pocketcare-app/pocketcare-app/apps/android/app/src/main/java/com/sanvya/app/ui/loans/EditLoanScreen.kt:79:44 'val Icons.Filled.ArrowBack: ImageVector' is deprecated. Use the AutoMirrored version at Icons.AutoMirrored.Filled.ArrowBack.
w: file:///home/runner/work/pocketcare-app/pocketcare-app/apps/android/app/src/main/java/com/sanvya/app/ui/loans/LoanDetailScreen.kt:74:44 'val Icons.Filled.ArrowBack: ImageVector' is deprecated. Use the AutoMirrored version at Icons.AutoMirrored.Filled.ArrowBack.
w: file:///home/runner/work/pocketcare-app/pocketcare-app/apps/android/app/src/main/java/com/sanvya/app/ui/loans/LoanDetailScreen.kt:349:60 'fun Modifier.menuAnchor(): Modifier' is deprecated. Use overload that takes ExposedDropdownMenuAnchorType and enabled parameters.
w: file:///home/runner/work/pocketcare-app/pocketcare-app/apps/android/app/src/main/java/com/sanvya/app/ui/loans/LoanDetailViewModel.kt:123:29 This declaration needs opt-in. Its usage should be marked with '@kotlinx.coroutines.ExperimentalCoroutinesApi' or '@OptIn(kotlinx.coroutines.ExperimentalCoroutinesApi::class)'
w: file:///home/runner/work/pocketcare-app/pocketcare-app/apps/android/app/src/main/java/com/sanvya/app/ui/receipts/ReceiptCaptureScreen.kt:57:26 'val LocalLifecycleOwner: ProvidableCompositionLocal<LifecycleOwner>' is deprecated. Moved to lifecycle-runtime-compose library in androidx.lifecycle.compose package.
w: file:///home/runner/work/pocketcare-app/pocketcare-app/apps/android/app/src/main/java/com/sanvya/app/ui/receipts/ReceiptCaptureScreen.kt:85:71 'val Icons.Filled.ArrowBack: ImageVector' is deprecated. Use the AutoMirrored version at Icons.AutoMirrored.Filled.ArrowBack.
w: file:///home/runner/work/pocketcare-app/pocketcare-app/apps/android/app/src/main/java/com/sanvya/app/ui/receipts/ReceiptReviewScreen.kt:64:86 'val Icons.Filled.ArrowBack: ImageVector' is deprecated. Use the AutoMirrored version at Icons.AutoMirrored.Filled.ArrowBack.
w: file:///home/runner/work/pocketcare-app/pocketcare-app/apps/android/app/src/main/java/com/sanvya/app/ui/shell/WindowClass.kt:178:43 Unnecessary safe call on a non-null receiver of type 'Activity'.
w: file:///home/runner/work/pocketcare-app/pocketcare-app/apps/android/app/src/main/java/com/sanvya/app/ui/splits/GroupDetailScreen.kt:53:86 'val Icons.Filled.ArrowBack: ImageVector' is deprecated. Use the AutoMirrored version at Icons.AutoMirrored.Filled.ArrowBack.
w: file:///home/runner/work/pocketcare-app/pocketcare-app/apps/android/app/src/main/java/com/sanvya/app/ui/splits/PayViaUpiDialog.kt:44:21 'val LocalClipboardManager: ProvidableCompositionLocal<ClipboardManager>' is deprecated. Use LocalClipboard instead which supports suspend functions.
w: file:///home/runner/work/pocketcare-app/pocketcare-app/apps/android/app/src/main/java/com/sanvya/app/ui/splits/SplitsScreen.kt:72:13 'fun TabRow(selectedTabIndex: Int, modifier: Modifier = ..., containerColor: Color = ..., contentColor: Color = ..., indicator: ComposableFunction1<List<TabPosition>, Unit> = ..., divider: ComposableFunction0<Unit> = ..., tabs: ComposableFunction0<Unit>): Unit' is deprecated. Replaced with PrimaryTabRow and SecondaryTabRow.
w: file:///home/runner/work/pocketcare-app/pocketcare-app/apps/android/app/src/main/java/com/sanvya/app/ui/transactions/CategoryPicker.kt:44:48 'fun Modifier.menuAnchor(): Modifier' is deprecated. Use overload that takes ExposedDropdownMenuAnchorType and enabled parameters.
w: file:///home/runner/work/pocketcare-app/pocketcare-app/apps/android/app/src/main/java/com/sanvya/app/ui/transactions/CreateTransactionScreen.kt:57:44 'val Icons.Filled.ArrowBack: ImageVector' is deprecated. Use the AutoMirrored version at Icons.AutoMirrored.Filled.ArrowBack.
w: file:///home/runner/work/pocketcare-app/pocketcare-app/apps/android/app/src/main/java/com/sanvya/app/ui/transactions/EditTransactionScreen.kt:54:44 'val Icons.Filled.ArrowBack: ImageVector' is deprecated. Use the AutoMirrored version at Icons.AutoMirrored.Filled.ArrowBack.

> Task :app:compileDebugKotlin
w: file:///home/runner/work/pocketcare-app/pocketcare-app/apps/android/app/src/main/java/com/sanvya/app/ui/SettingsScreen.kt:48:21 'val LocalClipboardManager: ProvidableCompositionLocal<ClipboardManager>' is deprecated. Use LocalClipboard instead which supports suspend functions.
w: file:///home/runner/work/pocketcare-app/pocketcare-app/apps/android/app/src/main/java/com/sanvya/app/ui/SettingsScreen.kt:439:136 'interface ClipboardManager : Any' is deprecated. Use Clipboard instead, which supports suspend functions.
w: file:///home/runner/work/pocketcare-app/pocketcare-app/apps/android/app/src/main/java/com/sanvya/app/ui/SettingsScreen.kt:476:45 'interface ClipboardManager : Any' is deprecated. Use Clipboard instead, which supports suspend functions.
w: file:///home/runner/work/pocketcare-app/pocketcare-app/apps/android/app/src/main/java/com/sanvya/app/ui/accounts/CreateAccountScreen.kt:55:44 'val Icons.Filled.ArrowBack: ImageVector' is deprecated. Use the AutoMirrored version at Icons.AutoMirrored.Filled.ArrowBack.
w: file:///home/runner/work/pocketcare-app/pocketcare-app/apps/android/app/src/main/java/com/sanvya/app/ui/accounts/EditAccountScreen.kt:54:44 'val Icons.Filled.ArrowBack: ImageVector' is deprecated. Use the AutoMirrored version at Icons.AutoMirrored.Filled.ArrowBack.
w: file:///home/runner/work/pocketcare-app/pocketcare-app/apps/android/app/src/main/java/com/sanvya/app/ui/budgets/CreateBudgetScreen.kt:88:44 'val Icons.Filled.ArrowBack: ImageVector' is deprecated. Use the AutoMirrored version at Icons.AutoMirrored.Filled.ArrowBack.
w: file:///home/runner/work/pocketcare-app/pocketcare-app/apps/android/app/src/main/java/com/sanvya/app/ui/budgets/CreateBudgetScreen.kt:120:45 'fun Modifier.menuAnchor(): Modifier' is deprecated. Use overload that takes ExposedDropdownMenuAnchorType and enabled parameters.
w: file:///home/runner/work/pocketcare-app/pocketcare-app/apps/android/app/src/main/java/com/sanvya/app/ui/budgets/EditBudgetScreen.kt:88:44 'val Icons.Filled.ArrowBack: ImageVector' is deprecated. Use the AutoMirrored version at Icons.AutoMirrored.Filled.ArrowBack.
w: file:///home/runner/work/pocketcare-app/pocketcare-app/apps/android/app/src/main/java/com/sanvya/app/ui/components/Modifiers.kt:48:15 'fun asFrameworkPaint(): Paint' is deprecated. Use platform-specific extension to get platform reference.
w: file:///home/runner/work/pocketcare-app/pocketcare-app/apps/android/app/src/main/java/com/sanvya/app/ui/goals/AllocateGoalDialog.kt:58:49 'fun Modifier.menuAnchor(): Modifier' is deprecated. Use overload that takes ExposedDropdownMenuAnchorType and enabled parameters.
w: file:///home/runner/work/pocketcare-app/pocketcare-app/apps/android/app/src/main/java/com/sanvya/app/ui/goals/CreateGoalScreen.kt:71:44 'val Icons.Filled.ArrowBack: ImageVector' is deprecated. Use the AutoMirrored version at Icons.AutoMirrored.Filled.ArrowBack.
w: file:///home/runner/work/pocketcare-app/pocketcare-app/apps/android/app/src/main/java/com/sanvya/app/ui/goals/CreateGoalScreen.kt:103:45 'fun Modifier.menuAnchor(): Modifier' is deprecated. Use overload that takes ExposedDropdownMenuAnchorType and enabled parameters.
w: file:///home/runner/work/pocketcare-app/pocketcare-app/apps/android/app/src/main/java/com/sanvya/app/ui/goals/EditGoalScreen.kt:79:44 'val Icons.Filled.ArrowBack: ImageVector' is deprecated. Use the AutoMirrored version at Icons.AutoMirrored.Filled.ArrowBack.
w: file:///home/runner/work/pocketcare-app/pocketcare-app/apps/android/app/src/main/java/com/sanvya/app/ui/insights/InsightsViewModel.kt:319:81 Unnecessary non-null assertion (!!) on a non-null receiver of type 'CatSpike'.
w: file:///home/runner/work/pocketcare-app/pocketcare-app/apps/android/app/src/main/java/com/sanvya/app/ui/insights/InsightsViewModel.kt:319:104 Unnecessary non-null assertion (!!) on a non-null receiver of type 'CatSpike'.
w: file:///home/runner/work/pocketcare-app/pocketcare-app/apps/android/app/src/main/java/com/sanvya/app/ui/investments/AddHoldingScreen.kt:92:44 'val Icons.Filled.ArrowBack: ImageVector' is deprecated. Use the AutoMirrored version at Icons.AutoMirrored.Filled.ArrowBack.
w: file:///home/runner/work/pocketcare-app/pocketcare-app/apps/android/app/src/main/java/com/sanvya/app/ui/investments/AddHoldingScreen.kt:121:60 'fun Modifier.menuAnchor(): Modifier' is deprecated. Use overload that takes ExposedDropdownMenuAnchorType and enabled parameters.
w: file:///home/runner/work/pocketcare-app/pocketcare-app/apps/android/app/src/main/java/com/sanvya/app/ui/investments/AddHoldingScreen.kt:225:64 'fun Modifier.menuAnchor(): Modifier' is deprecated. Use overload that takes ExposedDropdownMenuAnchorType and enabled parameters.
w: file:///home/runner/work/pocketcare-app/pocketcare-app/apps/android/app/src/main/java/com/sanvya/app/ui/loans/AddLoanScreen.kt:79:44 'val Icons.Filled.ArrowBack: ImageVector' is deprecated. Use the AutoMirrored version at Icons.AutoMirrored.Filled.ArrowBack.
w: file:///home/runner/work/pocketcare-app/pocketcare-app/apps/android/app/src/main/java/com/sanvya/app/ui/loans/AddLoanScreen.kt:163:56 'fun Modifier.menuAnchor(): Modifier' is deprecated. Use overload that takes ExposedDropdownMenuAnchorType and enabled parameters.
w: file:///home/runner/work/pocketcare-app/pocketcare-app/apps/android/app/src/main/java/com/sanvya/app/ui/loans/EditLoanScreen.kt:79:44 'val Icons.Filled.ArrowBack: ImageVector' is deprecated. Use the AutoMirrored version at Icons.AutoMirrored.Filled.ArrowBack.
w: file:///home/runner/work/pocketcare-app/pocketcare-app/apps/android/app/src/main/java/com/sanvya/app/ui/loans/LoanDetailScreen.kt:74:44 'val Icons.Filled.ArrowBack: ImageVector' is deprecated. Use the AutoMirrored version at Icons.AutoMirrored.Filled.ArrowBack.
w: file:///home/runner/work/pocketcare-app/pocketcare-app/apps/android/app/src/main/java/com/sanvya/app/ui/loans/LoanDetailScreen.kt:349:60 'fun Modifier.menuAnchor(): Modifier' is deprecated. Use overload that takes ExposedDropdownMenuAnchorType and enabled parameters.
w: file:///home/runner/work/pocketcare-app/pocketcare-app/apps/android/app/src/main/java/com/sanvya/app/ui/loans/LoanDetailViewModel.kt:123:29 This declaration needs opt-in. Its usage should be marked with '@kotlinx.coroutines.ExperimentalCoroutinesApi' or '@OptIn(kotlinx.coroutines.ExperimentalCoroutinesApi::class)'
w: file:///home/runner/work/pocketcare-app/pocketcare-app/apps/android/app/src/main/java/com/sanvya/app/ui/receipts/ReceiptCaptureScreen.kt:57:26 'val LocalLifecycleOwner: ProvidableCompositionLocal<LifecycleOwner>' is deprecated. Moved to lifecycle-runtime-compose library in androidx.lifecycle.compose package.
w: file:///home/runner/work/pocketcare-app/pocketcare-app/apps/android/app/src/main/java/com/sanvya/app/ui/receipts/ReceiptCaptureScreen.kt:85:71 'val Icons.Filled.ArrowBack: ImageVector' is deprecated. Use the AutoMirrored version at Icons.AutoMirrored.Filled.ArrowBack.
w: file:///home/runner/work/pocketcare-app/pocketcare-app/apps/android/app/src/main/java/com/sanvya/app/ui/receipts/ReceiptReviewScreen.kt:64:86 'val Icons.Filled.ArrowBack: ImageVector' is deprecated. Use the AutoMirrored version at Icons.AutoMirrored.Filled.ArrowBack.
w: file:///home/runner/work/pocketcare-app/pocketcare-app/apps/android/app/src/main/java/com/sanvya/app/ui/shell/WindowClass.kt:178:43 Unnecessary safe call on a non-null receiver of type 'Activity'.
w: file:///home/runner/work/pocketcare-app/pocketcare-app/apps/android/app/src/main/java/com/sanvya/app/ui/splits/GroupDetailScreen.kt:53:86 'val Icons.Filled.ArrowBack: ImageVector' is deprecated. Use the AutoMirrored version at Icons.AutoMirrored.Filled.ArrowBack.
w: file:///home/runner/work/pocketcare-app/pocketcare-app/apps/android/app/src/main/java/com/sanvya/app/ui/splits/PayViaUpiDialog.kt:44:21 'val LocalClipboardManager: ProvidableCompositionLocal<ClipboardManager>' is deprecated. Use LocalClipboard instead which supports suspend functions.
w: file:///home/runner/work/pocketcare-app/pocketcare-app/apps/android/app/src/main/java/com/sanvya/app/ui/splits/SplitsScreen.kt:72:13 'fun TabRow(selectedTabIndex: Int, modifier: Modifier = ..., containerColor: Color = ..., contentColor: Color = ..., indicator: ComposableFunction1<List<TabPosition>, Unit> = ..., divider: ComposableFunction0<Unit> = ..., tabs: ComposableFunction0<Unit>): Unit' is deprecated. Replaced with PrimaryTabRow and SecondaryTabRow.
w: file:///home/runner/work/pocketcare-app/pocketcare-app/apps/android/app/src/main/java/com/sanvya/app/ui/transactions/CategoryPicker.kt:44:48 'fun Modifier.menuAnchor(): Modifier' is deprecated. Use overload that takes ExposedDropdownMenuAnchorType and enabled parameters.
w: file:///home/runner/work/pocketcare-app/pocketcare-app/apps/android/app/src/main/java/com/sanvya/app/ui/transactions/CreateTransactionScreen.kt:57:44 'val Icons.Filled.ArrowBack: ImageVector' is deprecated. Use the AutoMirrored version at Icons.AutoMirrored.Filled.ArrowBack.
w: file:///home/runner/work/pocketcare-app/pocketcare-app/apps/android/app/src/main/java/com/sanvya/app/ui/transactions/EditTransactionScreen.kt:54:44 'val Icons.Filled.ArrowBack: ImageVector' is deprecated. Use the AutoMirrored version at Icons.AutoMirrored.Filled.ArrowBack.

> Task :app:compileReleaseJavaWithJavac NO-SOURCE
> Task :app:dexBuilderRelease
> Task :app:compileDebugJavaWithJavac NO-SOURCE
> Task :app:processDebugJavaRes
> Task :app:mergeDebugJavaResource
> Task :app:dexBuilderDebug
> Task :app:mergeReleaseGlobalSynthetics FROM-CACHE
> Task :app:generateReleaseLintVitalReportModel
> Task :app:processReleaseJavaRes
> Task :app:mergeProjectDexDebug
> Task :app:mergeReleaseJavaResource
> Task :app:bundleDebugClassesToCompileJar
> Task :app:packageDebug
> Task :app:createDebugApkListingFileRedirect
> Task :app:assembleDebug
> Task :app:generateDebugAndroidTestLintModel
> Task :app:generateDebugLintReportModel
> Task :app:generateDebugUnitTestLintModel
> Task :app:lintAnalyzeDebugAndroidTest
> Task :app:mergeDexRelease
> Task :app:lintVitalAnalyzeRelease
> Task :app:lintAnalyzeDebugUnitTest
> Task :app:bundleDebugClassesToRuntimeJar
> Task :app:compileDebugUnitTestKotlin FROM-CACHE
> Task :app:compileDebugUnitTestJavaWithJavac NO-SOURCE
> Task :app:processDebugUnitTestJavaRes
> Task :app:testDebugUnitTest
> Task :app:test
> Task :app:lintAnalyzeDebug
> Task :app:compileReleaseArtProfile
> Task :app:lintVitalReportRelease SKIPPED
> Task :app:lintVitalRelease SKIPPED
> Task :app:packageRelease
> Task :app:createReleaseApkListingFileRedirect
> Task :app:assembleRelease
> Task :app:assemble

> Task :app:lintReportDebug
Wrote HTML report to file:///home/runner/work/pocketcare-app/pocketcare-app/apps/android/app/build/reports/lint-results-debug.html

> Task :app:lintDebug
> Task :app:lint
> Task :app:check
> Task :app:build
gradle/actions: Writing build results to /home/runner/work/_temp/.gradle-actions/build-results/__run_2-1787562987512.json

[Incubating] Problems report is available at: file:///home/runner/work/pocketcare-app/pocketcare-app/apps/android/build/reports/problems/problems-report.html

BUILD SUCCESSFUL in 3m 49s
188 actionable tasks: 108 executed, 80 from cache
Consider enabling configuration cache to speed up this build: https://docs.gradle.org/9.4.1/userguide/configuration_cache_enabling.html
[lint] apps/android/app/build/reports/lint-results-debug.xml: 0 error(s)
[lint] apps/android/data/build/reports/lint-results-debug.xml: 0 error(s)
