To honour the JVM settings for this build a single-use Daemon process will be forked. For more on this, please refer to https://docs.gradle.org/9.4.1/userguide/gradle_daemon.html#sec:disabling_the_daemon in the Gradle documentation.
Daemon will be stopped at the end of the build 
> Task :app:preBuild UP-TO-DATE
> Task :data:preBuild UP-TO-DATE
> Task :data:preDebugBuild UP-TO-DATE
> Task :domain:checkKotlinGradlePluginConfigurationErrors SKIPPED
> Task :app:preDebugBuild UP-TO-DATE
> Task :app:mergeDebugNativeDebugMetadata NO-SOURCE
> Task :app:generateDebugResources
> Task :data:processDebugNavigationResources
> Task :app:processDebugGoogleServices
> Task :data:generateDebugBuildConfig
> Task :data:generateDebugResources
> Task :data:packageDebugResources
> Task :app:packageDebugResources
> Task :domain:processResources NO-SOURCE
> Task :data:javaPreCompileDebug
> Task :data:generateDebugAssets UP-TO-DATE
> Task :data:parseDebugLocalResources
> Task :domain:processTestResources
> Task :data:mergeDebugAssets
> Task :data:writeDebugAarMetadata
> Task :data:extractDeepLinksDebug
> Task :app:processDebugNavigationResources
> Task :data:generateDebugRFile
> Task :data:mapDebugSourceSetPaths
> Task :app:javaPreCompileDebug FROM-CACHE
> Task :app:generateDebugAssets UP-TO-DATE
> Task :data:processDebugManifest
> Task :app:parseDebugLocalResources
> Task :app:mergeDebugAssets
> Task :data:compileDebugLibraryResources
> Task :app:generateDebugRFile
> Task :data:mergeDebugJniLibFolders
> Task :data:mergeDebugNativeLibs NO-SOURCE
> Task :data:copyDebugJniLibsProjectOnly
> Task :data:preReleaseBuild UP-TO-DATE
> Task :data:mergeReleaseJniLibFolders
> Task :data:mergeReleaseNativeLibs NO-SOURCE
> Task :data:copyReleaseJniLibsProjectOnly
> Task :data:generateReleaseBuildConfig
> Task :data:generateReleaseResources FROM-CACHE
> Task :data:packageReleaseResources
> Task :data:processReleaseNavigationResources FROM-CACHE
> Task :data:parseReleaseLocalResources FROM-CACHE
> Task :app:compressDebugAssets
> Task :data:generateReleaseRFile FROM-CACHE
> Task :data:javaPreCompileRelease FROM-CACHE
> Task :data:writeReleaseAarMetadata
> Task :data:extractDeepLinksRelease FROM-CACHE
> Task :data:processReleaseManifest FROM-CACHE
> Task :data:mapReleaseSourceSetPaths
> Task :data:compileReleaseLibraryResources
> Task :data:prepareReleaseArtProfile
> Task :data:generateReleaseAssets UP-TO-DATE
> Task :data:mergeReleaseAssets
> Task :data:extractProguardFiles
> Task :data:prepareLintJarForPublish
> Task :data:stripReleaseDebugSymbols NO-SOURCE
> Task :data:copyReleaseJniLibsProjectAndLocalJars
> Task :data:extractDeepLinksForAarRelease
> Task :data:writeReleaseLintModelMetadata
> Task :data:checkReleaseAarMetadata
> Task :data:stripDebugDebugSymbols NO-SOURCE
> Task :data:checkDebugAarMetadata
> Task :data:copyDebugJniLibsProjectAndLocalJars
> Task :data:extractDeepLinksForAarDebug FROM-CACHE
> Task :data:prepareDebugArtProfile
> Task :data:writeDebugLintModelMetadata
> Task :data:preDebugAndroidTestBuild UP-TO-DATE
> Task :data:preDebugUnitTestBuild UP-TO-DATE
> Task :data:mergeReleaseResources
> Task :app:generateDebugGlobalSynthetics
> Task :data:generateDebugUnitTestStubRFile
> Task :app:desugarDebugFileDependencies
> Task :app:checkDebugDuplicateClasses
> Task :data:javaPreCompileDebugUnitTest FROM-CACHE
> Task :app:checkDebugAarMetadata
> Task :data:verifyReleaseResources
> Task :domain:compileKotlin
> Task :app:mergeExtDexDebug

> Task :domain:compileKotlin
w: file:///home/runner/work/pocketcare-app/pocketcare-app/apps/android/domain/src/main/kotlin/com/sanvya/app/domain/investments/InvestmentsModel.kt:104:50 Unnecessary non-null assertion (!!) on a non-null receiver of type 'Double'.

> Task :domain:compileJava NO-SOURCE
> Task :domain:classes UP-TO-DATE
> Task :domain:jar
> Task :domain:assemble
> Task :data:compileDebugKotlin
> Task :domain:compileTestKotlin
w: file:///home/runner/work/pocketcare-app/pocketcare-app/apps/android/domain/src/test/kotlin/com/sanvya/app/domain/diagnostics/DiagnosticsVectors.kt:69:49 Unnecessary non-null assertion (!!) on a non-null receiver of type 'DetailValue.Obj'.

> Task :domain:compileTestJava NO-SOURCE
> Task :domain:testClasses
> Task :domain:test
> Task :domain:check
> Task :domain:build
> Task :app:mapDebugSourceSetPaths
> Task :app:compileDebugNavigationResources

> Task :data:compileDebugKotlin
w: file:///home/runner/work/pocketcare-app/pocketcare-app/apps/android/data/src/main/kotlin/com/sanvya/app/data/repository/LedgerRepository.kt:1044:38 Unnecessary non-null assertion (!!) on a non-null receiver of type 'List<String>'.
w: file:///home/runner/work/pocketcare-app/pocketcare-app/apps/android/data/src/main/kotlin/com/sanvya/app/data/repository/RepairRepository.kt:234:16 Redundant creation of Json format. Creating instances for each usage can be slow.

> Task :data:compileReleaseKotlin
w: file:///home/runner/work/pocketcare-app/pocketcare-app/apps/android/data/src/main/kotlin/com/sanvya/app/data/repository/LedgerRepository.kt:1044:38 Unnecessary non-null assertion (!!) on a non-null receiver of type 'List<String>'.
w: file:///home/runner/work/pocketcare-app/pocketcare-app/apps/android/data/src/main/kotlin/com/sanvya/app/data/repository/RepairRepository.kt:234:16 Redundant creation of Json format. Creating instances for each usage can be slow.

> Task :app:createDebugCompatibleScreenManifests
> Task :app:extractDeepLinksDebug
> Task :app:processDebugMainManifest
> Task :app:processDebugManifest
> Task :app:processDebugManifestForPackage
> Task :app:mergeDebugJniLibFolders
> Task :app:mergeDebugResources
> Task :app:mergeDebugNativeLibs
> Task :app:stripDebugDebugSymbols
> Task :app:processDebugResources
> Task :app:validateSigningDebug
> Task :app:writeDebugAppMetadata
> Task :app:writeDebugSigningConfigVersions
> Task :app:preReleaseBuild UP-TO-DATE
> Task :app:mergeReleaseJniLibFolders
> Task :app:generateReleaseResources FROM-CACHE
> Task :app:processReleaseGoogleServices FROM-CACHE
> Task :app:checkReleaseDuplicateClasses
> Task :app:mergeReleaseNativeLibs
> Task :app:packageReleaseResources
> Task :app:stripReleaseDebugSymbols
> Task :app:processReleaseNavigationResources FROM-CACHE
> Task :app:parseReleaseLocalResources FROM-CACHE
> Task :app:generateReleaseRFile FROM-CACHE
> Task :app:javaPreCompileRelease FROM-CACHE
> Task :app:mapReleaseSourceSetPaths
> Task :app:compileReleaseNavigationResources FROM-CACHE
> Task :app:checkReleaseAarMetadata
> Task :app:extractReleaseNativeSymbolTables
> Task :data:compileDebugJavaWithJavac
> Task :data:processDebugJavaRes
> Task :data:bundleLibCompileToJarDebug
> Task :data:compileReleaseJavaWithJavac
> Task :data:bundleLibRuntimeToDirDebug
> Task :app:mergeReleaseResources
> Task :app:mergeReleaseNativeDebugMetadata
> Task :data:bundleLibCompileToJarRelease
> Task :data:bundleLibRuntimeToJarRelease
> Task :data:bundleLibRuntimeToDirRelease
> Task :data:processReleaseJavaRes
> Task :data:createFullJarRelease
> Task :data:generateReleaseLintModel
> Task :data:extractReleaseAnnotations
> Task :data:mergeReleaseGeneratedProguardFiles
> Task :data:mergeReleaseConsumerProguardFiles
> Task :app:mergeLibDexDebug
> Task :app:createReleaseCompatibleScreenManifests
> Task :app:extractDeepLinksRelease FROM-CACHE
> Task :data:mergeReleaseJavaResource
> Task :app:processReleaseMainManifest
> Task :app:processReleaseManifest
> Task :app:processReleaseManifestForPackage
> Task :data:syncReleaseLibJars
> Task :app:desugarReleaseFileDependencies
> Task :app:mergeReleaseStartupProfile
> Task :app:processReleaseResources
> Task :data:bundleReleaseLocalLintAar
> Task :app:compileDebugKotlin
> Task :app:compileReleaseKotlin
> Task :app:mergeExtDexRelease
> Task :data:lintVitalAnalyzeRelease

> Task :app:compileDebugKotlin
w: file:///home/runner/work/pocketcare-app/pocketcare-app/apps/android/app/src/main/java/com/sanvya/app/ui/SettingsScreen.kt:50:21 'val LocalClipboardManager: ProvidableCompositionLocal<ClipboardManager>' is deprecated. Use LocalClipboard instead which supports suspend functions.
w: file:///home/runner/work/pocketcare-app/pocketcare-app/apps/android/app/src/main/java/com/sanvya/app/ui/SettingsScreen.kt:460:136 'interface ClipboardManager : Any' is deprecated. Use Clipboard instead, which supports suspend functions.
w: file:///home/runner/work/pocketcare-app/pocketcare-app/apps/android/app/src/main/java/com/sanvya/app/ui/SettingsScreen.kt:497:45 'interface ClipboardManager : Any' is deprecated. Use Clipboard instead, which supports suspend functions.
w: file:///home/runner/work/pocketcare-app/pocketcare-app/apps/android/app/src/main/java/com/sanvya/app/ui/budgets/CreateBudgetScreen.kt:113:45 'fun Modifier.menuAnchor(): Modifier' is deprecated. Use overload that takes ExposedDropdownMenuAnchorType and enabled parameters.
w: file:///home/runner/work/pocketcare-app/pocketcare-app/apps/android/app/src/main/java/com/sanvya/app/ui/components/Modifiers.kt:48:15 'fun asFrameworkPaint(): Paint' is deprecated. Use platform-specific extension to get platform reference.
w: file:///home/runner/work/pocketcare-app/pocketcare-app/apps/android/app/src/main/java/com/sanvya/app/ui/goals/AllocateGoalDialog.kt:58:49 'fun Modifier.menuAnchor(): Modifier' is deprecated. Use overload that takes ExposedDropdownMenuAnchorType and enabled parameters.
w: file:///home/runner/work/pocketcare-app/pocketcare-app/apps/android/app/src/main/java/com/sanvya/app/ui/goals/CreateGoalScreen.kt:96:45 'fun Modifier.menuAnchor(): Modifier' is deprecated. Use overload that takes ExposedDropdownMenuAnchorType and enabled parameters.
w: file:///home/runner/work/pocketcare-app/pocketcare-app/apps/android/app/src/main/java/com/sanvya/app/ui/insights/InsightsViewModel.kt:319:81 Unnecessary non-null assertion (!!) on a non-null receiver of type 'CatSpike'.
w: file:///home/runner/work/pocketcare-app/pocketcare-app/apps/android/app/src/main/java/com/sanvya/app/ui/insights/InsightsViewModel.kt:319:104 Unnecessary non-null assertion (!!) on a non-null receiver of type 'CatSpike'.
w: file:///home/runner/work/pocketcare-app/pocketcare-app/apps/android/app/src/main/java/com/sanvya/app/ui/investments/AddHoldingScreen.kt:114:60 'fun Modifier.menuAnchor(): Modifier' is deprecated. Use overload that takes ExposedDropdownMenuAnchorType and enabled parameters.
w: file:///home/runner/work/pocketcare-app/pocketcare-app/apps/android/app/src/main/java/com/sanvya/app/ui/investments/AddHoldingScreen.kt:218:64 'fun Modifier.menuAnchor(): Modifier' is deprecated. Use overload that takes ExposedDropdownMenuAnchorType and enabled parameters.
w: file:///home/runner/work/pocketcare-app/pocketcare-app/apps/android/app/src/main/java/com/sanvya/app/ui/loans/AddLoanScreen.kt:156:56 'fun Modifier.menuAnchor(): Modifier' is deprecated. Use overload that takes ExposedDropdownMenuAnchorType and enabled parameters.
w: file:///home/runner/work/pocketcare-app/pocketcare-app/apps/android/app/src/main/java/com/sanvya/app/ui/loans/LoanDetailScreen.kt:339:60 'fun Modifier.menuAnchor(): Modifier' is deprecated. Use overload that takes ExposedDropdownMenuAnchorType and enabled parameters.
w: file:///home/runner/work/pocketcare-app/pocketcare-app/apps/android/app/src/main/java/com/sanvya/app/ui/loans/LoanDetailViewModel.kt:124:29 This declaration needs opt-in. Its usage should be marked with '@kotlinx.coroutines.ExperimentalCoroutinesApi' or '@OptIn(kotlinx.coroutines.ExperimentalCoroutinesApi::class)'
w: file:///home/runner/work/pocketcare-app/pocketcare-app/apps/android/app/src/main/java/com/sanvya/app/ui/receipts/ReceiptCaptureScreen.kt:57:26 'val LocalLifecycleOwner: ProvidableCompositionLocal<LifecycleOwner>' is deprecated. Moved to lifecycle-runtime-compose library in androidx.lifecycle.compose package.
w: file:///home/runner/work/pocketcare-app/pocketcare-app/apps/android/app/src/main/java/com/sanvya/app/ui/receipts/ReceiptCaptureScreen.kt:85:71 'val Icons.Filled.ArrowBack: ImageVector' is deprecated. Use the AutoMirrored version at Icons.AutoMirrored.Filled.ArrowBack.
w: file:///home/runner/work/pocketcare-app/pocketcare-app/apps/android/app/src/main/java/com/sanvya/app/ui/shell/WindowClass.kt:178:43 Unnecessary safe call on a non-null receiver of type 'Activity'.
w: file:///home/runner/work/pocketcare-app/pocketcare-app/apps/android/app/src/main/java/com/sanvya/app/ui/splits/PayViaUpiDialog.kt:44:21 'val LocalClipboardManager: ProvidableCompositionLocal<ClipboardManager>' is deprecated. Use LocalClipboard instead which supports suspend functions.
w: file:///home/runner/work/pocketcare-app/pocketcare-app/apps/android/app/src/main/java/com/sanvya/app/ui/splits/SplitsScreen.kt:72:13 'fun TabRow(selectedTabIndex: Int, modifier: Modifier = ..., containerColor: Color = ..., contentColor: Color = ..., indicator: ComposableFunction1<List<TabPosition>, Unit> = ..., divider: ComposableFunction0<Unit> = ..., tabs: ComposableFunction0<Unit>): Unit' is deprecated. Replaced with PrimaryTabRow and SecondaryTabRow.
w: file:///home/runner/work/pocketcare-app/pocketcare-app/apps/android/app/src/main/java/com/sanvya/app/ui/transactions/CategoryPicker.kt:44:48 'fun Modifier.menuAnchor(): Modifier' is deprecated. Use overload that takes ExposedDropdownMenuAnchorType and enabled parameters.

> Task :app:compileReleaseKotlin
w: file:///home/runner/work/pocketcare-app/pocketcare-app/apps/android/app/src/main/java/com/sanvya/app/ui/SettingsScreen.kt:50:21 'val LocalClipboardManager: ProvidableCompositionLocal<ClipboardManager>' is deprecated. Use LocalClipboard instead which supports suspend functions.
w: file:///home/runner/work/pocketcare-app/pocketcare-app/apps/android/app/src/main/java/com/sanvya/app/ui/SettingsScreen.kt:460:136 'interface ClipboardManager : Any' is deprecated. Use Clipboard instead, which supports suspend functions.
w: file:///home/runner/work/pocketcare-app/pocketcare-app/apps/android/app/src/main/java/com/sanvya/app/ui/SettingsScreen.kt:497:45 'interface ClipboardManager : Any' is deprecated. Use Clipboard instead, which supports suspend functions.
w: file:///home/runner/work/pocketcare-app/pocketcare-app/apps/android/app/src/main/java/com/sanvya/app/ui/budgets/CreateBudgetScreen.kt:113:45 'fun Modifier.menuAnchor(): Modifier' is deprecated. Use overload that takes ExposedDropdownMenuAnchorType and enabled parameters.
w: file:///home/runner/work/pocketcare-app/pocketcare-app/apps/android/app/src/main/java/com/sanvya/app/ui/components/Modifiers.kt:48:15 'fun asFrameworkPaint(): Paint' is deprecated. Use platform-specific extension to get platform reference.
w: file:///home/runner/work/pocketcare-app/pocketcare-app/apps/android/app/src/main/java/com/sanvya/app/ui/goals/AllocateGoalDialog.kt:58:49 'fun Modifier.menuAnchor(): Modifier' is deprecated. Use overload that takes ExposedDropdownMenuAnchorType and enabled parameters.
w: file:///home/runner/work/pocketcare-app/pocketcare-app/apps/android/app/src/main/java/com/sanvya/app/ui/goals/CreateGoalScreen.kt:96:45 'fun Modifier.menuAnchor(): Modifier' is deprecated. Use overload that takes ExposedDropdownMenuAnchorType and enabled parameters.
w: file:///home/runner/work/pocketcare-app/pocketcare-app/apps/android/app/src/main/java/com/sanvya/app/ui/insights/InsightsViewModel.kt:319:81 Unnecessary non-null assertion (!!) on a non-null receiver of type 'CatSpike'.
w: file:///home/runner/work/pocketcare-app/pocketcare-app/apps/android/app/src/main/java/com/sanvya/app/ui/insights/InsightsViewModel.kt:319:104 Unnecessary non-null assertion (!!) on a non-null receiver of type 'CatSpike'.
w: file:///home/runner/work/pocketcare-app/pocketcare-app/apps/android/app/src/main/java/com/sanvya/app/ui/investments/AddHoldingScreen.kt:114:60 'fun Modifier.menuAnchor(): Modifier' is deprecated. Use overload that takes ExposedDropdownMenuAnchorType and enabled parameters.
w: file:///home/runner/work/pocketcare-app/pocketcare-app/apps/android/app/src/main/java/com/sanvya/app/ui/investments/AddHoldingScreen.kt:218:64 'fun Modifier.menuAnchor(): Modifier' is deprecated. Use overload that takes ExposedDropdownMenuAnchorType and enabled parameters.
w: file:///home/runner/work/pocketcare-app/pocketcare-app/apps/android/app/src/main/java/com/sanvya/app/ui/loans/AddLoanScreen.kt:156:56 'fun Modifier.menuAnchor(): Modifier' is deprecated. Use overload that takes ExposedDropdownMenuAnchorType and enabled parameters.
w: file:///home/runner/work/pocketcare-app/pocketcare-app/apps/android/app/src/main/java/com/sanvya/app/ui/loans/LoanDetailScreen.kt:339:60 'fun Modifier.menuAnchor(): Modifier' is deprecated. Use overload that takes ExposedDropdownMenuAnchorType and enabled parameters.
w: file:///home/runner/work/pocketcare-app/pocketcare-app/apps/android/app/src/main/java/com/sanvya/app/ui/loans/LoanDetailViewModel.kt:124:29 This declaration needs opt-in. Its usage should be marked with '@kotlinx.coroutines.ExperimentalCoroutinesApi' or '@OptIn(kotlinx.coroutines.ExperimentalCoroutinesApi::class)'
w: file:///home/runner/work/pocketcare-app/pocketcare-app/apps/android/app/src/main/java/com/sanvya/app/ui/receipts/ReceiptCaptureScreen.kt:57:26 'val LocalLifecycleOwner: ProvidableCompositionLocal<LifecycleOwner>' is deprecated. Moved to lifecycle-runtime-compose library in androidx.lifecycle.compose package.
w: file:///home/runner/work/pocketcare-app/pocketcare-app/apps/android/app/src/main/java/com/sanvya/app/ui/receipts/ReceiptCaptureScreen.kt:85:71 'val Icons.Filled.ArrowBack: ImageVector' is deprecated. Use the AutoMirrored version at Icons.AutoMirrored.Filled.ArrowBack.
w: file:///home/runner/work/pocketcare-app/pocketcare-app/apps/android/app/src/main/java/com/sanvya/app/ui/shell/WindowClass.kt:178:43 Unnecessary safe call on a non-null receiver of type 'Activity'.
w: file:///home/runner/work/pocketcare-app/pocketcare-app/apps/android/app/src/main/java/com/sanvya/app/ui/splits/PayViaUpiDialog.kt:44:21 'val LocalClipboardManager: ProvidableCompositionLocal<ClipboardManager>' is deprecated. Use LocalClipboard instead which supports suspend functions.
w: file:///home/runner/work/pocketcare-app/pocketcare-app/apps/android/app/src/main/java/com/sanvya/app/ui/splits/SplitsScreen.kt:72:13 'fun TabRow(selectedTabIndex: Int, modifier: Modifier = ..., containerColor: Color = ..., contentColor: Color = ..., indicator: ComposableFunction1<List<TabPosition>, Unit> = ..., divider: ComposableFunction0<Unit> = ..., tabs: ComposableFunction0<Unit>): Unit' is deprecated. Replaced with PrimaryTabRow and SecondaryTabRow.
w: file:///home/runner/work/pocketcare-app/pocketcare-app/apps/android/app/src/main/java/com/sanvya/app/ui/transactions/CategoryPicker.kt:44:48 'fun Modifier.menuAnchor(): Modifier' is deprecated. Use overload that takes ExposedDropdownMenuAnchorType and enabled parameters.

> Task :data:generateReleaseLintVitalModel
> Task :data:extractDebugAnnotations
> Task :data:mergeDebugGeneratedProguardFiles
> Task :data:mergeDebugConsumerProguardFiles
> Task :data:bundleLibRuntimeToJarDebug
> Task :data:createFullJarDebug
> Task :data:mergeDebugJavaResource
> Task :data:generateDebugLintModel
> Task :data:syncDebugLibJars
> Task :data:bundleDebugLocalLintAar
> Task :data:generateDebugAndroidTestLintModel
> Task :data:generateDebugUnitTestLintModel
> Task :data:lintAnalyzeDebugAndroidTest
> Task :app:compileDebugJavaWithJavac NO-SOURCE
> Task :app:processDebugJavaRes
> Task :data:lintAnalyzeDebugUnitTest
> Task :app:mergeDebugJavaResource
> Task :data:bundleDebugAar
> Task :data:assembleDebug
> Task :data:bundleReleaseAar
> Task :data:assembleRelease
> Task :data:assemble
> Task :data:generateDebugLintReportModel
> Task :app:dexBuilderDebug
> Task :data:compileDebugUnitTestKotlin
> Task :app:compileReleaseJavaWithJavac NO-SOURCE
> Task :data:lintAnalyzeDebug
> Task :app:mergeProjectDexDebug
> Task :data:compileDebugUnitTestJavaWithJavac NO-SOURCE
> Task :data:processDebugUnitTestJavaRes
> Task :app:dexBuilderRelease
> Task :app:packageDebug
> Task :app:createDebugApkListingFileRedirect
> Task :app:assembleDebug
> Task :app:mergeReleaseArtProfile
> Task :app:mergeReleaseGlobalSynthetics
> Task :app:generateReleaseAssets UP-TO-DATE
> Task :app:mergeReleaseAssets
> Task :data:testDebugUnitTest
> Task :app:compressReleaseAssets
> Task :data:test
> Task :app:extractReleaseVersionControlInfo
> Task :app:extractProguardFiles
> Task :app:generateReleaseLintVitalReportModel
> Task :app:processReleaseJavaRes
> Task :app:mergeDexRelease
> Task :app:mergeReleaseJavaResource
> Task :app:lintVitalAnalyzeRelease
> Task :app:optimizeReleaseResources
> Task :app:collectReleaseDependencies
> Task :app:sdkReleaseDependencyData
> Task :app:writeReleaseAppMetadata
> Task :app:writeReleaseSigningConfigVersions
> Task :app:bundleDebugClassesToCompileJar
> Task :app:preDebugAndroidTestBuild SKIPPED
> Task :app:generateDebugAndroidTestLintModel
> Task :app:generateDebugLintReportModel
> Task :app:preDebugUnitTestBuild UP-TO-DATE
> Task :app:generateDebugUnitTestLintModel
> Task :app:compileReleaseArtProfile
> Task :app:lintAnalyzeDebugAndroidTest
> Task :app:bundleDebugClassesToRuntimeJar

> Task :data:lintReportDebug
Wrote HTML report to file:///home/runner/work/pocketcare-app/pocketcare-app/apps/android/data/build/reports/lint-results-debug.html

> Task :app:compileDebugUnitTestKotlin
> Task :app:javaPreCompileDebugUnitTest FROM-CACHE
> Task :app:compileDebugUnitTestJavaWithJavac NO-SOURCE
> Task :app:processDebugUnitTestJavaRes
> Task :app:lintAnalyzeDebugUnitTest
> Task :data:lintDebug
> Task :data:lint
> Task :data:check
> Task :data:build
> Task :app:testDebugUnitTest
> Task :app:test
> Task :app:lintVitalReportRelease SKIPPED
> Task :app:lintVitalRelease SKIPPED
> Task :app:packageRelease
> Task :app:createReleaseApkListingFileRedirect
> Task :app:assembleRelease
> Task :app:assemble
> Task :app:lintAnalyzeDebug

> Task :app:lintReportDebug
Wrote HTML report to file:///home/runner/work/pocketcare-app/pocketcare-app/apps/android/app/build/reports/lint-results-debug.html

> Task :app:lintDebug
> Task :app:lint
> Task :app:check
> Task :app:build
gradle/actions: Writing build results to /home/runner/work/_temp/.gradle-actions/build-results/__run_2-1787761483629.json

[Incubating] Problems report is available at: file:///home/runner/work/pocketcare-app/pocketcare-app/apps/android/build/reports/problems/problems-report.html

BUILD SUCCESSFUL in 8m 7s
192 actionable tasks: 173 executed, 19 from cache
Consider enabling configuration cache to speed up this build: https://docs.gradle.org/9.4.1/userguide/configuration_cache_enabling.html
[lint] apps/android/app/build/reports/lint-results-debug.xml: 0 error(s)
[lint] apps/android/data/build/reports/lint-results-debug.xml: 0 error(s)
