To honour the JVM settings for this build a single-use Daemon process will be forked. For more on this, please refer to https://docs.gradle.org/9.4.1/userguide/gradle_daemon.html#sec:disabling_the_daemon in the Gradle documentation.
Daemon will be stopped at the end of the build 
> Task :domain:checkKotlinGradlePluginConfigurationErrors SKIPPED
> Task :data:preBuild UP-TO-DATE
> Task :app:preBuild UP-TO-DATE
> Task :app:preDebugBuild UP-TO-DATE
> Task :data:preDebugBuild UP-TO-DATE
> Task :app:mergeDebugNativeDebugMetadata NO-SOURCE
> Task :data:processDebugNavigationResources
> Task :app:generateDebugResources
> Task :app:processDebugGoogleServices
> Task :data:generateDebugBuildConfig
> Task :data:generateDebugResources
> Task :data:packageDebugResources
> Task :app:packageDebugResources
> Task :data:javaPreCompileDebug
> Task :domain:processResources NO-SOURCE
> Task :data:generateDebugAssets UP-TO-DATE
> Task :data:parseDebugLocalResources
> Task :data:mergeDebugAssets
> Task :domain:processTestResources
> Task :data:generateDebugRFile
> Task :data:extractDeepLinksDebug
> Task :data:writeDebugAarMetadata
> Task :data:mapDebugSourceSetPaths
> Task :data:processDebugManifest
> Task :data:mergeDebugJniLibFolders
> Task :data:compileDebugLibraryResources
> Task :data:mergeDebugNativeLibs NO-SOURCE
> Task :data:preReleaseBuild UP-TO-DATE
> Task :data:copyDebugJniLibsProjectOnly
> Task :data:mergeReleaseJniLibFolders
> Task :data:mergeReleaseNativeLibs NO-SOURCE
> Task :data:copyReleaseJniLibsProjectOnly
> Task :data:generateReleaseBuildConfig
> Task :data:generateReleaseResources FROM-CACHE
> Task :data:packageReleaseResources
> Task :data:processReleaseNavigationResources FROM-CACHE
> Task :data:parseReleaseLocalResources FROM-CACHE
> Task :data:generateReleaseRFile FROM-CACHE
> Task :data:javaPreCompileRelease FROM-CACHE
> Task :data:writeReleaseAarMetadata
> Task :data:extractDeepLinksRelease FROM-CACHE
> Task :data:processReleaseManifest FROM-CACHE
> Task :data:mapReleaseSourceSetPaths
> Task :data:compileReleaseLibraryResources
> Task :data:prepareReleaseArtProfile
> Task :data:generateReleaseAssets UP-TO-DATE
> Task :data:mergeReleaseAssets
> Task :data:extractProguardFiles
> Task :data:prepareLintJarForPublish
> Task :app:processDebugNavigationResources
> Task :app:javaPreCompileDebug FROM-CACHE
> Task :app:generateDebugAssets UP-TO-DATE
> Task :app:parseDebugLocalResources
> Task :app:mergeDebugAssets
> Task :data:checkReleaseAarMetadata
> Task :app:generateDebugRFile
> Task :data:stripReleaseDebugSymbols NO-SOURCE
> Task :data:copyReleaseJniLibsProjectAndLocalJars
> Task :data:extractDeepLinksForAarRelease
> Task :data:writeReleaseLintModelMetadata
> Task :data:checkDebugAarMetadata
> Task :data:stripDebugDebugSymbols NO-SOURCE
> Task :data:copyDebugJniLibsProjectAndLocalJars
> Task :data:extractDeepLinksForAarDebug FROM-CACHE
> Task :data:prepareDebugArtProfile
> Task :data:writeDebugLintModelMetadata
> Task :data:preDebugAndroidTestBuild UP-TO-DATE
> Task :data:preDebugUnitTestBuild UP-TO-DATE
> Task :app:compressDebugAssets
> Task :data:mergeReleaseResources
> Task :data:generateDebugUnitTestStubRFile
> Task :data:javaPreCompileDebugUnitTest FROM-CACHE
> Task :app:generateDebugGlobalSynthetics
> Task :data:verifyReleaseResources
> Task :app:desugarDebugFileDependencies
> Task :app:checkDebugDuplicateClasses
> Task :domain:compileKotlin
> Task :app:checkDebugAarMetadata
> Task :app:mergeExtDexDebug

> Task :domain:compileKotlin
w: file:///home/runner/work/pocketcare-app/pocketcare-app/apps/android/domain/src/main/kotlin/com/sanvya/app/domain/investments/InvestmentsModel.kt:104:50 Unnecessary non-null assertion (!!) on a non-null receiver of type 'Double'.
w: file:///home/runner/work/pocketcare-app/pocketcare-app/apps/android/domain/src/main/kotlin/com/sanvya/app/domain/statements/StatementAnalysis.kt:36:46 Unnecessary non-null assertion (!!) on a non-null receiver of type 'String'.
w: file:///home/runner/work/pocketcare-app/pocketcare-app/apps/android/domain/src/main/kotlin/com/sanvya/app/domain/statements/StatementAnalysis.kt:37:42 Unnecessary non-null assertion (!!) on a non-null receiver of type 'String'.
w: file:///home/runner/work/pocketcare-app/pocketcare-app/apps/android/domain/src/main/kotlin/com/sanvya/app/domain/statements/StatementCsv.kt:203:26 Unnecessary non-null assertion (!!) on a non-null receiver of type 'String'.

> Task :domain:compileJava NO-SOURCE
> Task :domain:classes UP-TO-DATE
> Task :domain:jar
> Task :domain:assemble
> Task :data:compileDebugKotlin
> Task :domain:compileTestKotlin
w: file:///home/runner/work/pocketcare-app/pocketcare-app/apps/android/domain/src/test/kotlin/com/sanvya/app/domain/diagnostics/DiagnosticsVectors.kt:69:49 Unnecessary non-null assertion (!!) on a non-null receiver of type 'DetailValue.Obj'.

> Task :domain:compileTestJava NO-SOURCE
> Task :domain:testClasses

> Task :domain:test

VectorRunnerTest > time-ago STANDARD_OUT
    [vectors] domain=time-ago total=17 passed=17 skipped=0 failed=0

VectorRunnerTest > receipts-reconcile STANDARD_OUT
    [vectors] domain=receipts-reconcile total=11 passed=11 skipped=0 failed=0

VectorRunnerTest > entitlements STANDARD_OUT
    [vectors] domain=entitlements total=39 passed=39 skipped=0 failed=0

VectorRunnerTest > receipts-parse STANDARD_OUT
    [vectors] domain=receipts-parse total=14 passed=14 skipped=0 failed=0

VectorRunnerTest > receipts-allocate STANDARD_OUT
    [vectors] domain=receipts-allocate total=14 passed=14 skipped=0 failed=0

VectorRunnerTest > splits-math STANDARD_OUT
    [vectors] domain=splits-math total=4 passed=4 skipped=0 failed=0

VectorRunnerTest > budget STANDARD_OUT
    [vectors] domain=budget total=10 passed=10 skipped=0 failed=0

VectorRunnerTest > splits-item-breakdown STANDARD_OUT
    [vectors] domain=splits-item-breakdown total=8 passed=8 skipped=0 failed=0

VectorRunnerTest > ledger STANDARD_OUT
    [vectors] domain=ledger total=10 passed=10 skipped=0 failed=0

VectorRunnerTest > search STANDARD_OUT
    [vectors] domain=search total=60 passed=60 skipped=0 failed=0

VectorRunnerTest > finance STANDARD_OUT
    [vectors] domain=finance total=59 passed=59 skipped=0 failed=0

VectorRunnerTest > applink STANDARD_OUT
    [vectors] domain=applink total=71 passed=71 skipped=0 failed=0

VectorRunnerTest > pushState STANDARD_OUT
    [vectors] domain=push-state total=30 passed=30 skipped=0 failed=0

VectorRunnerTest > diagnostics STANDARD_OUT
    [vectors] domain=diagnostics total=10 passed=10 skipped=0 failed=0

VectorRunnerTest > card-cycle STANDARD_OUT
    [vectors] domain=card-cycle total=27 passed=27 skipped=0 failed=0

VectorRunnerTest > split-plan STANDARD_OUT
    [vectors] domain=split-plan total=35 passed=35 skipped=0 failed=0

VectorRunnerTest > statements-pdf STANDARD_OUT
    [vectors] domain=statements-pdf total=28 passed=28 skipped=0 failed=0

VectorRunnerTest > dashboard-grid STANDARD_OUT
    [vectors] domain=dashboard-grid total=12 passed=12 skipped=0 failed=0

VectorRunnerTest > statements STANDARD_OUT
    [vectors] domain=statements total=61 passed=61 skipped=0 failed=0

VectorRunnerTest > help-search STANDARD_OUT
    [vectors] domain=help-search total=15 passed=15 skipped=0 failed=0

VectorRunnerTest > feedback STANDARD_OUT
    [vectors] domain=feedback total=18 passed=18 skipped=0 failed=0

VectorRunnerTest > guardrail STANDARD_OUT
    [vectors] domain=guardrail total=10 passed=10 skipped=0 failed=0

VectorRunnerTest > csv STANDARD_OUT
    [vectors] domain=csv total=64 passed=64 skipped=0 failed=0

VectorRunnerTest > upi STANDARD_OUT
    [vectors] domain=upi total=29 passed=29 skipped=0 failed=0

VectorRunnerTest > money STANDARD_OUT
    [vectors] domain=money total=40 passed=37 skipped=3 failed=0

VectorRunnerTest > category-tree STANDARD_OUT
    [vectors] domain=category-tree total=15 passed=15 skipped=0 failed=0

VectorRunnerTest > splits-collapse STANDARD_OUT
    [vectors] domain=splits-collapse total=18 passed=18 skipped=0 failed=0

VectorRunnerTest > recurring-advance STANDARD_OUT
    [vectors] domain=recurring-advance total=23 passed=23 skipped=0 failed=0

VectorRunnerTest > reconcile STANDARD_OUT
    [vectors] domain=reconcile total=7 passed=7 skipped=0 failed=0

VectorRunnerTest > dashboard-trend STANDARD_OUT
    [vectors] domain=dashboard-trend total=10 passed=10 skipped=0 failed=0

VectorRunnerTest > sync-policy STANDARD_OUT
    [vectors] domain=sync-policy total=21 passed=21 skipped=0 failed=0

VectorRunnerTest > categorize STANDARD_OUT
    [vectors] domain=categorize total=65 passed=65 skipped=0 failed=0

VectorRunnerTest > receipts-money-text STANDARD_OUT
    [vectors] domain=receipts-money-text total=23 passed=23 skipped=0 failed=0

VectorRunnerTest > assistant STANDARD_OUT
    [vectors] domain=assistant total=225 passed=225 skipped=0 failed=0

VectorRunnerTest > splitAssign STANDARD_OUT
    [vectors] domain=split-assign total=79 passed=79 skipped=0 failed=0

VectorRunnerTest > splits-insights STANDARD_OUT
    [vectors] domain=splits-insights total=6 passed=6 skipped=0 failed=0

VectorRunnerTest > splits-invite STANDARD_OUT
    [vectors] domain=splits-invite total=30 passed=30 skipped=0 failed=0

VectorRunnerTest > walkthrough STANDARD_OUT
    [vectors] domain=walkthrough total=103 passed=103 skipped=0 failed=0

VectorRunnerTest > splits-rollup STANDARD_OUT
    [vectors] domain=splits-rollup total=25 passed=25 skipped=0 failed=0

VectorRunnerTest > receipts-ai STANDARD_OUT
    [vectors] domain=receipts-ai total=18 passed=18 skipped=0 failed=0

> Task :data:extractReleaseAnnotations
> Task :data:extractDebugAnnotations
> Task :domain:check
> Task :domain:build
> Task :app:mapDebugSourceSetPaths
> Task :app:compileDebugNavigationResources

> Task :data:compileDebugKotlin
w: file:///home/runner/work/pocketcare-app/pocketcare-app/apps/android/data/src/main/kotlin/com/sanvya/app/data/repository/LedgerRepository.kt:1570:38 Unnecessary non-null assertion (!!) on a non-null receiver of type 'List<String>'.
w: file:///home/runner/work/pocketcare-app/pocketcare-app/apps/android/data/src/main/kotlin/com/sanvya/app/data/repository/RepairRepository.kt:236:16 Redundant creation of Json format. Creating instances for each usage can be slow.

> Task :data:compileReleaseKotlin
w: file:///home/runner/work/pocketcare-app/pocketcare-app/apps/android/data/src/main/kotlin/com/sanvya/app/data/repository/LedgerRepository.kt:1570:38 Unnecessary non-null assertion (!!) on a non-null receiver of type 'List<String>'.
w: file:///home/runner/work/pocketcare-app/pocketcare-app/apps/android/data/src/main/kotlin/com/sanvya/app/data/repository/RepairRepository.kt:236:16 Redundant creation of Json format. Creating instances for each usage can be slow.

> Task :app:createDebugCompatibleScreenManifests
> Task :app:extractDeepLinksDebug
> Task :app:mergeDebugResources
> Task :app:processDebugMainManifest
> Task :app:processDebugManifest
> Task :app:mergeDebugJniLibFolders
> Task :app:processDebugManifestForPackage
> Task :app:mergeDebugNativeLibs
> Task :data:compileDebugJavaWithJavac
> Task :data:processDebugJavaRes
> Task :data:bundleLibCompileToJarDebug
> Task :data:bundleLibRuntimeToDirDebug
> Task :app:processDebugResources
> Task :data:compileReleaseJavaWithJavac
> Task :data:bundleLibCompileToJarRelease
> Task :data:bundleLibRuntimeToJarRelease
> Task :data:bundleLibRuntimeToDirRelease
> Task :app:mergeLibDexDebug
> Task :data:processReleaseJavaRes
> Task :data:createFullJarRelease
> Task :app:stripDebugDebugSymbols
> Task :data:generateReleaseLintModel
> Task :data:mergeReleaseGeneratedProguardFiles
> Task :data:mergeReleaseConsumerProguardFiles
> Task :data:mergeReleaseJavaResource
> Task :data:syncReleaseLibJars
> Task :app:validateSigningDebug
> Task :data:bundleReleaseLocalLintAar
> Task :app:writeDebugAppMetadata
> Task :app:writeDebugSigningConfigVersions
> Task :app:preReleaseBuild UP-TO-DATE
> Task :app:mergeReleaseJniLibFolders
> Task :data:generateReleaseLintVitalModel
> Task :data:mergeDebugGeneratedProguardFiles
> Task :data:mergeDebugConsumerProguardFiles
> Task :data:mergeDebugJavaResource
> Task :data:syncDebugLibJars
> Task :app:mergeReleaseNativeLibs
> Task :data:bundleDebugLocalLintAar
> Task :data:bundleLibRuntimeToJarDebug
> Task :app:checkReleaseDuplicateClasses
> Task :app:generateReleaseResources FROM-CACHE
> Task :app:processReleaseGoogleServices FROM-CACHE
> Task :app:stripReleaseDebugSymbols
> Task :data:createFullJarDebug
> Task :app:packageReleaseResources
> Task :data:generateDebugLintModel
> Task :app:processReleaseNavigationResources FROM-CACHE
> Task :app:parseReleaseLocalResources FROM-CACHE
> Task :app:generateReleaseRFile FROM-CACHE
> Task :app:extractReleaseNativeSymbolTables
> Task :app:mergeReleaseNativeDebugMetadata
> Task :app:javaPreCompileRelease FROM-CACHE
> Task :app:checkReleaseAarMetadata
> Task :app:mapReleaseSourceSetPaths
> Task :app:compileReleaseNavigationResources FROM-CACHE
> Task :app:mergeReleaseResources
> Task :app:createReleaseCompatibleScreenManifests
> Task :app:extractDeepLinksRelease FROM-CACHE
> Task :app:processReleaseMainManifest
> Task :app:processReleaseManifest
> Task :app:processReleaseManifestForPackage
> Task :app:processReleaseResources
> Task :app:desugarReleaseFileDependencies
> Task :app:mergeReleaseStartupProfile
> Task :app:compileDebugKotlin
> Task :data:lintVitalAnalyzeRelease
> Task :app:compileReleaseKotlin
> Task :app:mergeExtDexRelease

> Task :app:compileReleaseKotlin
w: file:///home/runner/work/pocketcare-app/pocketcare-app/apps/android/app/src/main/java/com/sanvya/app/ui/SettingsScreen.kt:65:21 'val LocalClipboardManager: ProvidableCompositionLocal<ClipboardManager>' is deprecated. Use LocalClipboard instead which supports suspend functions.
w: file:///home/runner/work/pocketcare-app/pocketcare-app/apps/android/app/src/main/java/com/sanvya/app/ui/SettingsScreen.kt:722:136 'interface ClipboardManager : Any' is deprecated. Use Clipboard instead, which supports suspend functions.
w: file:///home/runner/work/pocketcare-app/pocketcare-app/apps/android/app/src/main/java/com/sanvya/app/ui/SettingsScreen.kt:759:45 'interface ClipboardManager : Any' is deprecated. Use Clipboard instead, which supports suspend functions.
w: file:///home/runner/work/pocketcare-app/pocketcare-app/apps/android/app/src/main/java/com/sanvya/app/ui/assistant/AssistantViewModel.kt:94:10 This declaration needs opt-in. Its usage should be marked with '@kotlinx.coroutines.ExperimentalCoroutinesApi' or '@OptIn(kotlinx.coroutines.ExperimentalCoroutinesApi::class)'
w: file:///home/runner/work/pocketcare-app/pocketcare-app/apps/android/app/src/main/java/com/sanvya/app/ui/budgets/CreateBudgetScreen.kt:113:45 'fun Modifier.menuAnchor(): Modifier' is deprecated. Use overload that takes ExposedDropdownMenuAnchorType and enabled parameters.
w: file:///home/runner/work/pocketcare-app/pocketcare-app/apps/android/app/src/main/java/com/sanvya/app/ui/components/Modifiers.kt:48:15 'fun asFrameworkPaint(): Paint' is deprecated. Use platform-specific extension to get platform reference.
w: file:///home/runner/work/pocketcare-app/pocketcare-app/apps/android/app/src/main/java/com/sanvya/app/ui/goals/AllocateGoalDialog.kt:62:49 'fun Modifier.menuAnchor(): Modifier' is deprecated. Use overload that takes ExposedDropdownMenuAnchorType and enabled parameters.
w: file:///home/runner/work/pocketcare-app/pocketcare-app/apps/android/app/src/main/java/com/sanvya/app/ui/goals/CreateGoalScreen.kt:96:45 'fun Modifier.menuAnchor(): Modifier' is deprecated. Use overload that takes ExposedDropdownMenuAnchorType and enabled parameters.
w: file:///home/runner/work/pocketcare-app/pocketcare-app/apps/android/app/src/main/java/com/sanvya/app/ui/insights/InsightsViewModel.kt:328:81 Unnecessary non-null assertion (!!) on a non-null receiver of type 'CatSpike'.
w: file:///home/runner/work/pocketcare-app/pocketcare-app/apps/android/app/src/main/java/com/sanvya/app/ui/insights/InsightsViewModel.kt:328:104 Unnecessary non-null assertion (!!) on a non-null receiver of type 'CatSpike'.
w: file:///home/runner/work/pocketcare-app/pocketcare-app/apps/android/app/src/main/java/com/sanvya/app/ui/investments/AddHoldingScreen.kt:114:60 'fun Modifier.menuAnchor(): Modifier' is deprecated. Use overload that takes ExposedDropdownMenuAnchorType and enabled parameters.
w: file:///home/runner/work/pocketcare-app/pocketcare-app/apps/android/app/src/main/java/com/sanvya/app/ui/investments/AddHoldingScreen.kt:218:64 'fun Modifier.menuAnchor(): Modifier' is deprecated. Use overload that takes ExposedDropdownMenuAnchorType and enabled parameters.
w: file:///home/runner/work/pocketcare-app/pocketcare-app/apps/android/app/src/main/java/com/sanvya/app/ui/loans/AddLoanScreen.kt:157:56 'fun Modifier.menuAnchor(): Modifier' is deprecated. Use overload that takes ExposedDropdownMenuAnchorType and enabled parameters.
w: file:///home/runner/work/pocketcare-app/pocketcare-app/apps/android/app/src/main/java/com/sanvya/app/ui/loans/LoanDetailScreen.kt:348:60 'fun Modifier.menuAnchor(): Modifier' is deprecated. Use overload that takes ExposedDropdownMenuAnchorType and enabled parameters.
w: file:///home/runner/work/pocketcare-app/pocketcare-app/apps/android/app/src/main/java/com/sanvya/app/ui/loans/LoanDetailViewModel.kt:128:29 This declaration needs opt-in. Its usage should be marked with '@kotlinx.coroutines.ExperimentalCoroutinesApi' or '@OptIn(kotlinx.coroutines.ExperimentalCoroutinesApi::class)'
w: file:///home/runner/work/pocketcare-app/pocketcare-app/apps/android/app/src/main/java/com/sanvya/app/ui/receipts/ReceiptCaptureScreen.kt:93:26 'val LocalLifecycleOwner: ProvidableCompositionLocal<LifecycleOwner>' is deprecated. Moved to lifecycle-runtime-compose library in androidx.lifecycle.compose package.
w: file:///home/runner/work/pocketcare-app/pocketcare-app/apps/android/app/src/main/java/com/sanvya/app/ui/receipts/ReceiptCaptureScreen.kt:188:71 'val Icons.Filled.ArrowBack: ImageVector' is deprecated. Use the AutoMirrored version at Icons.AutoMirrored.Filled.ArrowBack.
w: file:///home/runner/work/pocketcare-app/pocketcare-app/apps/android/app/src/main/java/com/sanvya/app/ui/shell/WindowClass.kt:178:43 Unnecessary safe call on a non-null receiver of type 'Activity'.
w: file:///home/runner/work/pocketcare-app/pocketcare-app/apps/android/app/src/main/java/com/sanvya/app/ui/splits/PayViaUpiDialog.kt:44:21 'val LocalClipboardManager: ProvidableCompositionLocal<ClipboardManager>' is deprecated. Use LocalClipboard instead which supports suspend functions.
w: file:///home/runner/work/pocketcare-app/pocketcare-app/apps/android/app/src/main/java/com/sanvya/app/ui/splits/SplitsScreen.kt:87:13 'fun TabRow(selectedTabIndex: Int, modifier: Modifier = ..., containerColor: Color = ..., contentColor: Color = ..., indicator: ComposableFunction1<List<TabPosition>, Unit> = ..., divider: ComposableFunction0<Unit> = ..., tabs: ComposableFunction0<Unit>): Unit' is deprecated. Replaced with PrimaryTabRow and SecondaryTabRow.
w: file:///home/runner/work/pocketcare-app/pocketcare-app/apps/android/app/src/main/java/com/sanvya/app/ui/transactions/CategoryPicker.kt:44:48 'fun Modifier.menuAnchor(): Modifier' is deprecated. Use overload that takes ExposedDropdownMenuAnchorType and enabled parameters.
w: file:///home/runner/work/pocketcare-app/pocketcare-app/apps/android/app/src/main/java/com/sanvya/app/ui/transactions/CreateTransactionViewModel.kt:196:10 This declaration needs opt-in. Its usage should be marked with '@kotlinx.coroutines.ExperimentalCoroutinesApi' or '@OptIn(kotlinx.coroutines.ExperimentalCoroutinesApi::class)'
w: file:///home/runner/work/pocketcare-app/pocketcare-app/apps/android/app/src/main/java/com/sanvya/app/ui/transactions/CreateTransactionViewModel.kt:412:18 This declaration is in a preview state and can be changed in a backwards-incompatible manner with a best-effort migration. Its usage should be marked with '@kotlinx.coroutines.FlowPreview' or '@OptIn(kotlinx.coroutines.FlowPreview::class)' if you accept the drawback of relying on preview API

> Task :app:compileDebugKotlin
w: file:///home/runner/work/pocketcare-app/pocketcare-app/apps/android/app/src/main/java/com/sanvya/app/ui/SettingsScreen.kt:65:21 'val LocalClipboardManager: ProvidableCompositionLocal<ClipboardManager>' is deprecated. Use LocalClipboard instead which supports suspend functions.
w: file:///home/runner/work/pocketcare-app/pocketcare-app/apps/android/app/src/main/java/com/sanvya/app/ui/SettingsScreen.kt:722:136 'interface ClipboardManager : Any' is deprecated. Use Clipboard instead, which supports suspend functions.
w: file:///home/runner/work/pocketcare-app/pocketcare-app/apps/android/app/src/main/java/com/sanvya/app/ui/SettingsScreen.kt:759:45 'interface ClipboardManager : Any' is deprecated. Use Clipboard instead, which supports suspend functions.
w: file:///home/runner/work/pocketcare-app/pocketcare-app/apps/android/app/src/main/java/com/sanvya/app/ui/assistant/AssistantViewModel.kt:94:10 This declaration needs opt-in. Its usage should be marked with '@kotlinx.coroutines.ExperimentalCoroutinesApi' or '@OptIn(kotlinx.coroutines.ExperimentalCoroutinesApi::class)'
w: file:///home/runner/work/pocketcare-app/pocketcare-app/apps/android/app/src/main/java/com/sanvya/app/ui/budgets/CreateBudgetScreen.kt:113:45 'fun Modifier.menuAnchor(): Modifier' is deprecated. Use overload that takes ExposedDropdownMenuAnchorType and enabled parameters.
w: file:///home/runner/work/pocketcare-app/pocketcare-app/apps/android/app/src/main/java/com/sanvya/app/ui/components/Modifiers.kt:48:15 'fun asFrameworkPaint(): Paint' is deprecated. Use platform-specific extension to get platform reference.
w: file:///home/runner/work/pocketcare-app/pocketcare-app/apps/android/app/src/main/java/com/sanvya/app/ui/goals/AllocateGoalDialog.kt:62:49 'fun Modifier.menuAnchor(): Modifier' is deprecated. Use overload that takes ExposedDropdownMenuAnchorType and enabled parameters.
w: file:///home/runner/work/pocketcare-app/pocketcare-app/apps/android/app/src/main/java/com/sanvya/app/ui/goals/CreateGoalScreen.kt:96:45 'fun Modifier.menuAnchor(): Modifier' is deprecated. Use overload that takes ExposedDropdownMenuAnchorType and enabled parameters.
w: file:///home/runner/work/pocketcare-app/pocketcare-app/apps/android/app/src/main/java/com/sanvya/app/ui/insights/InsightsViewModel.kt:328:81 Unnecessary non-null assertion (!!) on a non-null receiver of type 'CatSpike'.
w: file:///home/runner/work/pocketcare-app/pocketcare-app/apps/android/app/src/main/java/com/sanvya/app/ui/insights/InsightsViewModel.kt:328:104 Unnecessary non-null assertion (!!) on a non-null receiver of type 'CatSpike'.
w: file:///home/runner/work/pocketcare-app/pocketcare-app/apps/android/app/src/main/java/com/sanvya/app/ui/investments/AddHoldingScreen.kt:114:60 'fun Modifier.menuAnchor(): Modifier' is deprecated. Use overload that takes ExposedDropdownMenuAnchorType and enabled parameters.
w: file:///home/runner/work/pocketcare-app/pocketcare-app/apps/android/app/src/main/java/com/sanvya/app/ui/investments/AddHoldingScreen.kt:218:64 'fun Modifier.menuAnchor(): Modifier' is deprecated. Use overload that takes ExposedDropdownMenuAnchorType and enabled parameters.
w: file:///home/runner/work/pocketcare-app/pocketcare-app/apps/android/app/src/main/java/com/sanvya/app/ui/loans/AddLoanScreen.kt:157:56 'fun Modifier.menuAnchor(): Modifier' is deprecated. Use overload that takes ExposedDropdownMenuAnchorType and enabled parameters.
w: file:///home/runner/work/pocketcare-app/pocketcare-app/apps/android/app/src/main/java/com/sanvya/app/ui/loans/LoanDetailScreen.kt:348:60 'fun Modifier.menuAnchor(): Modifier' is deprecated. Use overload that takes ExposedDropdownMenuAnchorType and enabled parameters.
w: file:///home/runner/work/pocketcare-app/pocketcare-app/apps/android/app/src/main/java/com/sanvya/app/ui/loans/LoanDetailViewModel.kt:128:29 This declaration needs opt-in. Its usage should be marked with '@kotlinx.coroutines.ExperimentalCoroutinesApi' or '@OptIn(kotlinx.coroutines.ExperimentalCoroutinesApi::class)'
w: file:///home/runner/work/pocketcare-app/pocketcare-app/apps/android/app/src/main/java/com/sanvya/app/ui/receipts/ReceiptCaptureScreen.kt:93:26 'val LocalLifecycleOwner: ProvidableCompositionLocal<LifecycleOwner>' is deprecated. Moved to lifecycle-runtime-compose library in androidx.lifecycle.compose package.
w: file:///home/runner/work/pocketcare-app/pocketcare-app/apps/android/app/src/main/java/com/sanvya/app/ui/receipts/ReceiptCaptureScreen.kt:188:71 'val Icons.Filled.ArrowBack: ImageVector' is deprecated. Use the AutoMirrored version at Icons.AutoMirrored.Filled.ArrowBack.
w: file:///home/runner/work/pocketcare-app/pocketcare-app/apps/android/app/src/main/java/com/sanvya/app/ui/shell/WindowClass.kt:178:43 Unnecessary safe call on a non-null receiver of type 'Activity'.
w: file:///home/runner/work/pocketcare-app/pocketcare-app/apps/android/app/src/main/java/com/sanvya/app/ui/splits/PayViaUpiDialog.kt:44:21 'val LocalClipboardManager: ProvidableCompositionLocal<ClipboardManager>' is deprecated. Use LocalClipboard instead which supports suspend functions.
w: file:///home/runner/work/pocketcare-app/pocketcare-app/apps/android/app/src/main/java/com/sanvya/app/ui/splits/SplitsScreen.kt:87:13 'fun TabRow(selectedTabIndex: Int, modifier: Modifier = ..., containerColor: Color = ..., contentColor: Color = ..., indicator: ComposableFunction1<List<TabPosition>, Unit> = ..., divider: ComposableFunction0<Unit> = ..., tabs: ComposableFunction0<Unit>): Unit' is deprecated. Replaced with PrimaryTabRow and SecondaryTabRow.
w: file:///home/runner/work/pocketcare-app/pocketcare-app/apps/android/app/src/main/java/com/sanvya/app/ui/transactions/CategoryPicker.kt:44:48 'fun Modifier.menuAnchor(): Modifier' is deprecated. Use overload that takes ExposedDropdownMenuAnchorType and enabled parameters.
w: file:///home/runner/work/pocketcare-app/pocketcare-app/apps/android/app/src/main/java/com/sanvya/app/ui/transactions/CreateTransactionViewModel.kt:196:10 This declaration needs opt-in. Its usage should be marked with '@kotlinx.coroutines.ExperimentalCoroutinesApi' or '@OptIn(kotlinx.coroutines.ExperimentalCoroutinesApi::class)'
w: file:///home/runner/work/pocketcare-app/pocketcare-app/apps/android/app/src/main/java/com/sanvya/app/ui/transactions/CreateTransactionViewModel.kt:412:18 This declaration is in a preview state and can be changed in a backwards-incompatible manner with a best-effort migration. Its usage should be marked with '@kotlinx.coroutines.FlowPreview' or '@OptIn(kotlinx.coroutines.FlowPreview::class)' if you accept the drawback of relying on preview API

> Task :data:lintAnalyzeDebug
> Task :data:generateDebugAndroidTestLintModel
> Task :data:generateDebugUnitTestLintModel
> Task :data:lintAnalyzeDebugAndroidTest
> Task :data:bundleDebugAar
> Task :data:assembleDebug
> Task :data:bundleReleaseAar
> Task :data:assembleRelease
> Task :data:assemble
> Task :data:generateDebugLintReportModel
> Task :data:lintAnalyzeDebugUnitTest
> Task :data:compileDebugUnitTestKotlin
> Task :data:compileDebugUnitTestJavaWithJavac NO-SOURCE
> Task :data:processDebugUnitTestJavaRes
> Task :data:testDebugUnitTest
> Task :data:test
> Task :app:compileDebugJavaWithJavac NO-SOURCE
> Task :app:processDebugJavaRes
> Task :app:mergeDebugJavaResource
> Task :app:dexBuilderDebug
> Task :app:compileReleaseJavaWithJavac NO-SOURCE
> Task :app:mergeProjectDexDebug
> Task :app:dexBuilderRelease
> Task :app:mergeReleaseArtProfile
> Task :app:mergeReleaseGlobalSynthetics
> Task :app:generateReleaseAssets UP-TO-DATE
> Task :app:mergeReleaseAssets
> Task :app:packageDebug
> Task :app:createDebugApkListingFileRedirect
> Task :app:assembleDebug
> Task :app:compressReleaseAssets
> Task :app:extractReleaseVersionControlInfo
> Task :app:extractProguardFiles
> Task :app:generateReleaseLintVitalReportModel
> Task :app:processReleaseJavaRes
> Task :app:mergeReleaseJavaResource
> Task :app:collectReleaseDependencies
> Task :app:sdkReleaseDependencyData
> Task :app:writeReleaseAppMetadata
> Task :app:writeReleaseSigningConfigVersions
> Task :app:optimizeReleaseResources

> Task :data:lintReportDebug
Wrote HTML report to file:///home/runner/work/pocketcare-app/pocketcare-app/apps/android/data/build/reports/lint-results-debug.html

> Task :app:preDebugAndroidTestBuild SKIPPED
> Task :app:generateDebugLintReportModel
> Task :app:preDebugUnitTestBuild UP-TO-DATE
> Task :app:bundleDebugClassesToCompileJar
> Task :data:lintDebug
> Task :data:lint
> Task :data:check
> Task :data:build
> Task :app:generateDebugAndroidTestLintModel
> Task :app:generateDebugUnitTestLintModel
> Task :app:lintAnalyzeDebugAndroidTest
> Task :app:mergeDexRelease
> Task :app:lintAnalyzeDebugUnitTest
> Task :app:bundleDebugClassesToRuntimeJar
> Task :app:lintVitalAnalyzeRelease
> Task :app:compileDebugUnitTestKotlin
> Task :app:javaPreCompileDebugUnitTest FROM-CACHE
> Task :app:compileDebugUnitTestJavaWithJavac NO-SOURCE
> Task :app:processDebugUnitTestJavaRes
> Task :app:testDebugUnitTest
> Task :app:test
> Task :app:compileReleaseArtProfile
> Task :app:lintAnalyzeDebug
> Task :app:lintVitalReportRelease SKIPPED
> Task :app:lintVitalRelease SKIPPED
> Task :app:packageRelease
> Task :app:createReleaseApkListingFileRedirect
> Task :app:assembleRelease
> Task :app:assemble

> Task :app:lintReportDebug
Wrote HTML report to file:///home/runner/work/pocketcare-app/pocketcare-app/apps/android/app/build/reports/lint-results-debug.html

> Task :app:lintDebug
> Task :app:lint
> Task :app:check
> Task :app:build
gradle/actions: Writing build results to /home/runner/work/_temp/.gradle-actions/build-results/__run_2-1787973661869.json

[Incubating] Problems report is available at: file:///home/runner/work/pocketcare-app/pocketcare-app/apps/android/build/reports/problems/problems-report.html

BUILD SUCCESSFUL in 8m 38s
192 actionable tasks: 173 executed, 19 from cache
Consider enabling configuration cache to speed up this build: https://docs.gradle.org/9.4.1/userguide/configuration_cache_enabling.html
[lint] apps/android/app/build/reports/lint-results-debug.xml: 0 error(s)
[lint] apps/android/data/build/reports/lint-results-debug.xml: 0 error(s)
