To honour the JVM settings for this build a single-use Daemon process will be forked. For more on this, please refer to https://docs.gradle.org/9.4.1/userguide/gradle_daemon.html#sec:disabling_the_daemon in the Gradle documentation.
Daemon will be stopped at the end of the build 
> Task :app:preBuild UP-TO-DATE
> Task :domain:checkKotlinGradlePluginConfigurationErrors SKIPPED
> Task :data:preBuild UP-TO-DATE
> Task :app:preDebugBuild UP-TO-DATE
> Task :data:preDebugBuild UP-TO-DATE
> Task :app:mergeDebugNativeDebugMetadata NO-SOURCE
> Task :data:processDebugNavigationResources FROM-CACHE
> Task :app:generateDebugResources FROM-CACHE
> Task :data:generateDebugResources FROM-CACHE
> Task :app:processDebugGoogleServices FROM-CACHE
> Task :data:packageDebugResources FROM-CACHE
> Task :app:packageDebugResources FROM-CACHE
> Task :domain:compileKotlin FROM-CACHE
> Task :domain:compileJava NO-SOURCE
> Task :domain:processResources NO-SOURCE
> Task :domain:classes UP-TO-DATE
> Task :domain:jar
> Task :domain:assemble
> Task :domain:compileTestKotlin FROM-CACHE
> Task :domain:compileTestJava NO-SOURCE
> Task :domain:processTestResources
> Task :domain:testClasses
> Task :domain:test FROM-CACHE
> Task :domain:check UP-TO-DATE
> Task :domain:build
> Task :app:processDebugNavigationResources FROM-CACHE
> Task :data:parseDebugLocalResources FROM-CACHE
> Task :data:generateDebugRFile FROM-CACHE
> Task :app:parseDebugLocalResources FROM-CACHE
> Task :app:generateDebugRFile FROM-CACHE
> Task :app:javaPreCompileDebug FROM-CACHE
> Task :app:generateDebugAssets UP-TO-DATE
> Task :app:generateDebugGlobalSynthetics FROM-CACHE
> Task :data:compileDebugKotlin FROM-CACHE
> Task :data:javaPreCompileDebug FROM-CACHE
> Task :data:compileDebugJavaWithJavac NO-SOURCE
> Task :data:generateDebugAssets UP-TO-DATE
> Task :app:desugarDebugFileDependencies FROM-CACHE
> Task :data:mergeDebugAssets
> Task :app:mapDebugSourceSetPaths
> Task :data:bundleLibCompileToJarDebug
> Task :data:processDebugJavaRes
> Task :app:checkDebugDuplicateClasses
> Task :data:writeDebugAarMetadata
> Task :data:extractDeepLinksDebug FROM-CACHE
> Task :data:processDebugManifest FROM-CACHE
> Task :data:mapDebugSourceSetPaths
> Task :data:compileDebugLibraryResources FROM-CACHE
> Task :data:mergeDebugJniLibFolders
> Task :data:mergeDebugNativeLibs NO-SOURCE
> Task :data:preReleaseBuild UP-TO-DATE
> Task :data:copyDebugJniLibsProjectOnly
> Task :app:mergeDebugAssets
> Task :data:bundleLibRuntimeToDirDebug
> Task :data:mergeReleaseJniLibFolders
> Task :data:mergeReleaseNativeLibs NO-SOURCE
> Task :data:copyReleaseJniLibsProjectOnly
> Task :data:generateReleaseResources FROM-CACHE
> Task :data:packageReleaseResources FROM-CACHE
> Task :data:processReleaseNavigationResources FROM-CACHE
> Task :data:parseReleaseLocalResources FROM-CACHE
> Task :data:generateReleaseRFile FROM-CACHE
> Task :data:compileReleaseKotlin FROM-CACHE
> Task :data:javaPreCompileRelease FROM-CACHE
> Task :data:compileReleaseJavaWithJavac NO-SOURCE
> Task :data:writeReleaseAarMetadata
> Task :data:extractDeepLinksRelease FROM-CACHE
> Task :data:processReleaseManifest FROM-CACHE
> Task :data:mapReleaseSourceSetPaths
> Task :data:bundleLibCompileToJarRelease
> Task :data:compileReleaseLibraryResources FROM-CACHE
> Task :data:prepareReleaseArtProfile
> Task :data:generateReleaseAssets UP-TO-DATE
> Task :data:mergeReleaseAssets
> Task :data:bundleLibRuntimeToJarRelease
> Task :data:processReleaseJavaRes
> Task :data:bundleLibRuntimeToDirRelease
> Task :data:createFullJarRelease
> Task :data:extractProguardFiles
> Task :app:compressDebugAssets FROM-CACHE
> Task :data:generateReleaseLintModel
> Task :data:prepareLintJarForPublish
> Task :data:stripReleaseDebugSymbols NO-SOURCE
> Task :data:checkReleaseAarMetadata
> Task :data:extractDeepLinksForAarRelease FROM-CACHE
> Task :data:copyReleaseJniLibsProjectAndLocalJars
> Task :app:mergeExtDexDebug FROM-CACHE
> Task :data:extractReleaseAnnotations FROM-CACHE
> Task :app:mergeLibDexDebug FROM-CACHE
> Task :data:mergeReleaseGeneratedProguardFiles
> Task :data:mergeReleaseConsumerProguardFiles
> Task :data:lintVitalAnalyzeRelease FROM-CACHE
> Task :app:compileDebugNavigationResources FROM-CACHE
> Task :app:checkDebugAarMetadata
> Task :data:writeReleaseLintModelMetadata
> Task :data:generateReleaseLintVitalModel
> Task :data:checkDebugAarMetadata
> Task :data:stripDebugDebugSymbols NO-SOURCE
> Task :data:copyDebugJniLibsProjectAndLocalJars
> Task :data:mergeReleaseJavaResource
> Task :data:extractDebugAnnotations FROM-CACHE
> Task :data:syncReleaseLibJars FROM-CACHE
> Task :data:bundleReleaseLocalLintAar
> Task :app:mergeDebugResources FROM-CACHE
> Task :app:createDebugCompatibleScreenManifests
> Task :data:extractDeepLinksForAarDebug FROM-CACHE
> Task :app:extractDeepLinksDebug FROM-CACHE
> Task :data:mergeDebugGeneratedProguardFiles
> Task :data:mergeDebugConsumerProguardFiles
> Task :data:prepareDebugArtProfile
> Task :data:mergeDebugJavaResource
> Task :data:syncDebugLibJars FROM-CACHE
> Task :data:bundleDebugLocalLintAar
> Task :data:writeDebugLintModelMetadata
> Task :data:bundleLibRuntimeToJarDebug
> Task :app:processDebugMainManifest FROM-CACHE
> Task :app:processDebugManifest FROM-CACHE
> Task :app:processDebugManifestForPackage FROM-CACHE
> Task :data:generateDebugLintModel
> Task :data:createFullJarDebug
> Task :data:lintAnalyzeDebug FROM-CACHE
> Task :data:preDebugAndroidTestBuild UP-TO-DATE
> Task :data:generateDebugAndroidTestLintModel
> Task :data:preDebugUnitTestBuild UP-TO-DATE
> Task :app:processDebugResources FROM-CACHE
> Task :data:generateDebugUnitTestLintModel
> Task :app:mergeDebugJniLibFolders
> Task :data:lintAnalyzeDebugAndroidTest FROM-CACHE
> Task :data:lintAnalyzeDebugUnitTest FROM-CACHE
> Task :data:bundleDebugAar
> Task :data:assembleDebug
> Task :data:bundleReleaseAar
> Task :app:mergeDebugNativeLibs
> Task :data:mergeReleaseResources FROM-CACHE
> Task :data:verifyReleaseResources FROM-CACHE
> Task :data:assembleRelease
> Task :data:assemble
> Task :data:generateDebugLintReportModel
> Task :data:generateDebugUnitTestStubRFile FROM-CACHE
> Task :data:compileDebugUnitTestKotlin FROM-CACHE
> Task :data:javaPreCompileDebugUnitTest FROM-CACHE
> Task :data:compileDebugUnitTestJavaWithJavac NO-SOURCE
> Task :data:processDebugUnitTestJavaRes
> Task :data:testDebugUnitTest FROM-CACHE
> Task :data:test UP-TO-DATE
> Task :app:validateSigningDebug
> Task :app:writeDebugAppMetadata
> Task :app:writeDebugSigningConfigVersions
> Task :app:preReleaseBuild UP-TO-DATE
> Task :app:mergeReleaseJniLibFolders
> Task :app:stripDebugDebugSymbols
> Task :app:checkReleaseDuplicateClasses
> Task :app:generateReleaseResources FROM-CACHE
> Task :app:processReleaseGoogleServices FROM-CACHE
> Task :app:packageReleaseResources FROM-CACHE
> Task :app:processReleaseNavigationResources FROM-CACHE
> Task :app:parseReleaseLocalResources FROM-CACHE
> Task :app:generateReleaseRFile FROM-CACHE
> Task :app:mergeReleaseNativeLibs

> Task :data:lintReportDebug
Wrote HTML report to file:///home/runner/work/pocketcare-app/pocketcare-app/apps/android/data/build/reports/lint-results-debug.html

> Task :app:javaPreCompileRelease FROM-CACHE
> Task :app:checkReleaseAarMetadata
> Task :app:stripReleaseDebugSymbols
> Task :data:lintDebug
> Task :data:lint
> Task :data:check
> Task :data:build
> Task :app:mapReleaseSourceSetPaths
> Task :app:extractReleaseNativeSymbolTables FROM-CACHE
> Task :app:compileReleaseNavigationResources FROM-CACHE
> Task :app:mergeReleaseResources FROM-CACHE
> Task :app:createReleaseCompatibleScreenManifests
> Task :app:extractDeepLinksRelease FROM-CACHE
> Task :app:processReleaseMainManifest FROM-CACHE
> Task :app:processReleaseManifest FROM-CACHE
> Task :app:processReleaseManifestForPackage FROM-CACHE
> Task :app:processReleaseResources FROM-CACHE
> Task :app:desugarReleaseFileDependencies FROM-CACHE
> Task :app:mergeReleaseStartupProfile
> Task :app:mergeReleaseNativeDebugMetadata
> Task :app:mergeExtDexRelease FROM-CACHE
> Task :app:generateReleaseAssets UP-TO-DATE
> Task :app:mergeReleaseArtProfile
> Task :app:mergeReleaseAssets
> Task :app:compressReleaseAssets FROM-CACHE
> Task :app:extractReleaseVersionControlInfo
> Task :app:extractProguardFiles
> Task :app:optimizeReleaseResources FROM-CACHE
> Task :app:collectReleaseDependencies
> Task :app:sdkReleaseDependencyData
> Task :app:writeReleaseAppMetadata
> Task :app:writeReleaseSigningConfigVersions
> Task :app:preDebugAndroidTestBuild SKIPPED
> Task :app:preDebugUnitTestBuild UP-TO-DATE
> Task :app:javaPreCompileDebugUnitTest FROM-CACHE
> Task :app:compileDebugKotlin
> Task :app:compileReleaseKotlin
w: file:///home/runner/work/pocketcare-app/pocketcare-app/apps/android/app/src/main/java/com/sanvya/app/ui/SettingsScreen.kt:48:21 'val LocalClipboardManager: ProvidableCompositionLocal<ClipboardManager>' is deprecated. Use LocalClipboard instead which supports suspend functions.
w: file:///home/runner/work/pocketcare-app/pocketcare-app/apps/android/app/src/main/java/com/sanvya/app/ui/SettingsScreen.kt:439:136 'interface ClipboardManager : Any' is deprecated. Use Clipboard instead, which supports suspend functions.
w: file:///home/runner/work/pocketcare-app/pocketcare-app/apps/android/app/src/main/java/com/sanvya/app/ui/SettingsScreen.kt:476:45 'interface ClipboardManager : Any' is deprecated. Use Clipboard instead, which supports suspend functions.
w: file:///home/runner/work/pocketcare-app/pocketcare-app/apps/android/app/src/main/java/com/sanvya/app/ui/accounts/CreateAccountScreen.kt:55:44 'val Icons.Filled.ArrowBack: ImageVector' is deprecated. Use the AutoMirrored version at Icons.AutoMirrored.Filled.ArrowBack.
w: file:///home/runner/work/pocketcare-app/pocketcare-app/apps/android/app/src/main/java/com/sanvya/app/ui/accounts/EditAccountScreen.kt:54:44 'val Icons.Filled.ArrowBack: ImageVector' is deprecated. Use the AutoMirrored version at Icons.AutoMirrored.Filled.ArrowBack.
w: file:///home/runner/work/pocketcare-app/pocketcare-app/apps/android/app/src/main/java/com/sanvya/app/ui/budgets/CreateBudgetScreen.kt:88:44 'val Icons.Filled.ArrowBack: ImageVector' is deprecated. Use the AutoMirrored version at Icons.AutoMirrored.Filled.ArrowBack.
w: file:///home/runner/work/pocketcare-app/pocketcare-app/apps/android/app/src/main/java/com/sanvya/app/ui/budgets/CreateBudgetScreen.kt:120:45 'fun Modifier.menuAnchor(): Modifier' is deprecated. Use overload that takes ExposedDropdownMenuAnchorType and enabled parameters.
w: file:///home/runner/work/pocketcare-app/pocketcare-app/apps/android/app/src/main/java/com/sanvya/app/ui/budgets/EditBudgetScreen.kt:88:44 'val Icons.Filled.ArrowBack: ImageVector' is deprecated. Use the AutoMirrored version at Icons.AutoMirrored.Filled.ArrowBack.
w: file:///home/runner/work/pocketcare-app/pocketcare-app/apps/android/app/src/main/java/com/sanvya/app/ui/components/Modifiers.kt:48:15 'fun asFrameworkPaint(): Paint' is deprecated. Use platform-specific extension to get platform reference.
w: file:///home/runner/work/pocketcare-app/pocketcare-app/apps/android/app/src/main/java/com/sanvya/app/ui/goals/AllocateGoalDialog.kt:58:49 'fun Modifier.menuAnchor(): Modifier' is deprecated. Use overload that takes ExposedDropdownMenuAnchorType and enabled parameters.
w: file:///home/runner/work/pocketcare-app/pocketcare-app/apps/android/app/src/main/java/com/sanvya/app/ui/goals/CreateGoalScreen.kt:71:44 'val Icons.Filled.ArrowBack: ImageVector' is deprecated. Use the AutoMirrored version at Icons.AutoMirrored.Filled.ArrowBack.
w: file:///home/runner/work/pocketcare-app/pocketcare-app/apps/android/app/src/main/java/com/sanvya/app/ui/goals/CreateGoalScreen.kt:103:45 'fun Modifier.menuAnchor(): Modifier' is deprecated. Use overload that takes ExposedDropdownMenuAnchorType and enabled parameters.
w: file:///home/runner/work/pocketcare-app/pocketcare-app/apps/android/app/src/main/java/com/sanvya/app/ui/goals/EditGoalScreen.kt:79:44 'val Icons.Filled.ArrowBack: ImageVector' is deprecated. Use the AutoMirrored version at Icons.AutoMirrored.Filled.ArrowBack.
w: file:///home/runner/work/pocketcare-app/pocketcare-app/apps/android/app/src/main/java/com/sanvya/app/ui/insights/InsightsViewModel.kt:319:81 Unnecessary non-null assertion (!!) on a non-null receiver of type 'CatSpike'.
w: file:///home/runner/work/pocketcare-app/pocketcare-app/apps/android/app/src/main/java/com/sanvya/app/ui/insights/InsightsViewModel.kt:319:104 Unnecessary non-null assertion (!!) on a non-null receiver of type 'CatSpike'.
w: file:///home/runner/work/pocketcare-app/pocketcare-app/apps/android/app/src/main/java/com/sanvya/app/ui/investments/AddHoldingScreen.kt:92:44 'val Icons.Filled.ArrowBack: ImageVector' is deprecated. Use the AutoMirrored version at Icons.AutoMirrored.Filled.ArrowBack.
w: file:///home/runner/work/pocketcare-app/pocketcare-app/apps/android/app/src/main/java/com/sanvya/app/ui/investments/AddHoldingScreen.kt:121:60 'fun Modifier.menuAnchor(): Modifier' is deprecated. Use overload that takes ExposedDropdownMenuAnchorType and enabled parameters.
w: file:///home/runner/work/pocketcare-app/pocketcare-app/apps/android/app/src/main/java/com/sanvya/app/ui/investments/AddHoldingScreen.kt:225:64 'fun Modifier.menuAnchor(): Modifier' is deprecated. Use overload that takes ExposedDropdownMenuAnchorType and enabled parameters.
w: file:///home/runner/work/pocketcare-app/pocketcare-app/apps/android/app/src/main/java/com/sanvya/app/ui/loans/AddLoanScreen.kt:79:44 'val Icons.Filled.ArrowBack: ImageVector' is deprecated. Use the AutoMirrored version at Icons.AutoMirrored.Filled.ArrowBack.
w: file:///home/runner/work/pocketcare-app/pocketcare-app/apps/android/app/src/main/java/com/sanvya/app/ui/loans/AddLoanScreen.kt:163:56 'fun Modifier.menuAnchor(): Modifier' is deprecated. Use overload that takes ExposedDropdownMenuAnchorType and enabled parameters.
w: file:///home/runner/work/pocketcare-app/pocketcare-app/apps/android/app/src/main/java/com/sanvya/app/ui/loans/EditLoanScreen.kt:79:44 'val Icons.Filled.ArrowBack: ImageVector' is deprecated. Use the AutoMirrored version at Icons.AutoMirrored.Filled.ArrowBack.
w: file:///home/runner/work/pocketcare-app/pocketcare-app/apps/android/app/src/main/java/com/sanvya/app/ui/loans/LoanDetailScreen.kt:74:44 'val Icons.Filled.ArrowBack: ImageVector' is deprecated. Use the AutoMirrored version at Icons.AutoMirrored.Filled.ArrowBack.
w: file:///home/runner/work/pocketcare-app/pocketcare-app/apps/android/app/src/main/java/com/sanvya/app/ui/loans/LoanDetailScreen.kt:349:60 'fun Modifier.menuAnchor(): Modifier' is deprecated. Use overload that takes ExposedDropdownMenuAnchorType and enabled parameters.
w: file:///home/runner/work/pocketcare-app/pocketcare-app/apps/android/app/src/main/java/com/sanvya/app/ui/loans/LoanDetailViewModel.kt:123:29 This declaration needs opt-in. Its usage should be marked with '@kotlinx.coroutines.ExperimentalCoroutinesApi' or '@OptIn(kotlinx.coroutines.ExperimentalCoroutinesApi::class)'
w: file:///home/runner/work/pocketcare-app/pocketcare-app/apps/android/app/src/main/java/com/sanvya/app/ui/receipts/ReceiptCaptureScreen.kt:57:26 'val LocalLifecycleOwner: ProvidableCompositionLocal<LifecycleOwner>' is deprecated. Moved to lifecycle-runtime-compose library in androidx.lifecycle.compose package.
w: file:///home/runner/work/pocketcare-app/pocketcare-app/apps/android/app/src/main/java/com/sanvya/app/ui/receipts/ReceiptCaptureScreen.kt:85:71 'val Icons.Filled.ArrowBack: ImageVector' is deprecated. Use the AutoMirrored version at Icons.AutoMirrored.Filled.ArrowBack.
w: file:///home/runner/work/pocketcare-app/pocketcare-app/apps/android/app/src/main/java/com/sanvya/app/ui/receipts/ReceiptReviewScreen.kt:64:86 'val Icons.Filled.ArrowBack: ImageVector' is deprecated. Use the AutoMirrored version at Icons.AutoMirrored.Filled.ArrowBack.
w: file:///home/runner/work/pocketcare-app/pocketcare-app/apps/android/app/src/main/java/com/sanvya/app/ui/shell/WindowClass.kt:178:43 Unnecessary safe call on a non-null receiver of type 'Activity'.
w: file:///home/runner/work/pocketcare-app/pocketcare-app/apps/android/app/src/main/java/com/sanvya/app/ui/splits/GroupDetailScreen.kt:53:86 'val Icons.Filled.ArrowBack: ImageVector' is deprecated. Use the AutoMirrored version at Icons.AutoMirrored.Filled.ArrowBack.
w: file:///home/runner/work/pocketcare-app/pocketcare-app/apps/android/app/src/main/java/com/sanvya/app/ui/splits/PayViaUpiDialog.kt:44:21 'val LocalClipboardManager: ProvidableCompositionLocal<ClipboardManager>' is deprecated. Use LocalClipboard instead which supports suspend functions.
w: file:///home/runner/work/pocketcare-app/pocketcare-app/apps/android/app/src/main/java/com/sanvya/app/ui/splits/SplitsScreen.kt:72:13 'fun TabRow(selectedTabIndex: Int, modifier: Modifier = ..., containerColor: Color = ..., contentColor: Color = ..., indicator: ComposableFunction1<List<TabPosition>, Unit> = ..., divider: ComposableFunction0<Unit> = ..., tabs: ComposableFunction0<Unit>): Unit' is deprecated. Replaced with PrimaryTabRow and SecondaryTabRow.
w: file:///home/runner/work/pocketcare-app/pocketcare-app/apps/android/app/src/main/java/com/sanvya/app/ui/transactions/CategoryPicker.kt:44:48 'fun Modifier.menuAnchor(): Modifier' is deprecated. Use overload that takes ExposedDropdownMenuAnchorType and enabled parameters.
w: file:///home/runner/work/pocketcare-app/pocketcare-app/apps/android/app/src/main/java/com/sanvya/app/ui/transactions/CreateTransactionScreen.kt:57:44 'val Icons.Filled.ArrowBack: ImageVector' is deprecated. Use the AutoMirrored version at Icons.AutoMirrored.Filled.ArrowBack.
w: file:///home/runner/work/pocketcare-app/pocketcare-app/apps/android/app/src/main/java/com/sanvya/app/ui/transactions/EditTransactionScreen.kt:54:44 'val Icons.Filled.ArrowBack: ImageVector' is deprecated. Use the AutoMirrored version at Icons.AutoMirrored.Filled.ArrowBack.

> Task :app:compileReleaseJavaWithJavac NO-SOURCE

> Task :app:compileDebugKotlin
w: file:///home/runner/work/pocketcare-app/pocketcare-app/apps/android/app/src/main/java/com/sanvya/app/ui/SettingsScreen.kt:48:21 'val LocalClipboardManager: ProvidableCompositionLocal<ClipboardManager>' is deprecated. Use LocalClipboard instead which supports suspend functions.
w: file:///home/runner/work/pocketcare-app/pocketcare-app/apps/android/app/src/main/java/com/sanvya/app/ui/SettingsScreen.kt:439:136 'interface ClipboardManager : Any' is deprecated. Use Clipboard instead, which supports suspend functions.
w: file:///home/runner/work/pocketcare-app/pocketcare-app/apps/android/app/src/main/java/com/sanvya/app/ui/SettingsScreen.kt:476:45 'interface ClipboardManager : Any' is deprecated. Use Clipboard instead, which supports suspend functions.
w: file:///home/runner/work/pocketcare-app/pocketcare-app/apps/android/app/src/main/java/com/sanvya/app/ui/accounts/CreateAccountScreen.kt:55:44 'val Icons.Filled.ArrowBack: ImageVector' is deprecated. Use the AutoMirrored version at Icons.AutoMirrored.Filled.ArrowBack.
w: file:///home/runner/work/pocketcare-app/pocketcare-app/apps/android/app/src/main/java/com/sanvya/app/ui/accounts/EditAccountScreen.kt:54:44 'val Icons.Filled.ArrowBack: ImageVector' is deprecated. Use the AutoMirrored version at Icons.AutoMirrored.Filled.ArrowBack.
w: file:///home/runner/work/pocketcare-app/pocketcare-app/apps/android/app/src/main/java/com/sanvya/app/ui/budgets/CreateBudgetScreen.kt:88:44 'val Icons.Filled.ArrowBack: ImageVector' is deprecated. Use the AutoMirrored version at Icons.AutoMirrored.Filled.ArrowBack.
w: file:///home/runner/work/pocketcare-app/pocketcare-app/apps/android/app/src/main/java/com/sanvya/app/ui/budgets/CreateBudgetScreen.kt:120:45 'fun Modifier.menuAnchor(): Modifier' is deprecated. Use overload that takes ExposedDropdownMenuAnchorType and enabled parameters.
w: file:///home/runner/work/pocketcare-app/pocketcare-app/apps/android/app/src/main/java/com/sanvya/app/ui/budgets/EditBudgetScreen.kt:88:44 'val Icons.Filled.ArrowBack: ImageVector' is deprecated. Use the AutoMirrored version at Icons.AutoMirrored.Filled.ArrowBack.
w: file:///home/runner/work/pocketcare-app/pocketcare-app/apps/android/app/src/main/java/com/sanvya/app/ui/components/Modifiers.kt:48:15 'fun asFrameworkPaint(): Paint' is deprecated. Use platform-specific extension to get platform reference.
w: file:///home/runner/work/pocketcare-app/pocketcare-app/apps/android/app/src/main/java/com/sanvya/app/ui/goals/AllocateGoalDialog.kt:58:49 'fun Modifier.menuAnchor(): Modifier' is deprecated. Use overload that takes ExposedDropdownMenuAnchorType and enabled parameters.
w: file:///home/runner/work/pocketcare-app/pocketcare-app/apps/android/app/src/main/java/com/sanvya/app/ui/goals/CreateGoalScreen.kt:71:44 'val Icons.Filled.ArrowBack: ImageVector' is deprecated. Use the AutoMirrored version at Icons.AutoMirrored.Filled.ArrowBack.
w: file:///home/runner/work/pocketcare-app/pocketcare-app/apps/android/app/src/main/java/com/sanvya/app/ui/goals/CreateGoalScreen.kt:103:45 'fun Modifier.menuAnchor(): Modifier' is deprecated. Use overload that takes ExposedDropdownMenuAnchorType and enabled parameters.
w: file:///home/runner/work/pocketcare-app/pocketcare-app/apps/android/app/src/main/java/com/sanvya/app/ui/goals/EditGoalScreen.kt:79:44 'val Icons.Filled.ArrowBack: ImageVector' is deprecated. Use the AutoMirrored version at Icons.AutoMirrored.Filled.ArrowBack.
w: file:///home/runner/work/pocketcare-app/pocketcare-app/apps/android/app/src/main/java/com/sanvya/app/ui/insights/InsightsViewModel.kt:319:81 Unnecessary non-null assertion (!!) on a non-null receiver of type 'CatSpike'.
w: file:///home/runner/work/pocketcare-app/pocketcare-app/apps/android/app/src/main/java/com/sanvya/app/ui/insights/InsightsViewModel.kt:319:104 Unnecessary non-null assertion (!!) on a non-null receiver of type 'CatSpike'.
w: file:///home/runner/work/pocketcare-app/pocketcare-app/apps/android/app/src/main/java/com/sanvya/app/ui/investments/AddHoldingScreen.kt:92:44 'val Icons.Filled.ArrowBack: ImageVector' is deprecated. Use the AutoMirrored version at Icons.AutoMirrored.Filled.ArrowBack.
w: file:///home/runner/work/pocketcare-app/pocketcare-app/apps/android/app/src/main/java/com/sanvya/app/ui/investments/AddHoldingScreen.kt:121:60 'fun Modifier.menuAnchor(): Modifier' is deprecated. Use overload that takes ExposedDropdownMenuAnchorType and enabled parameters.
w: file:///home/runner/work/pocketcare-app/pocketcare-app/apps/android/app/src/main/java/com/sanvya/app/ui/investments/AddHoldingScreen.kt:225:64 'fun Modifier.menuAnchor(): Modifier' is deprecated. Use overload that takes ExposedDropdownMenuAnchorType and enabled parameters.
w: file:///home/runner/work/pocketcare-app/pocketcare-app/apps/android/app/src/main/java/com/sanvya/app/ui/loans/AddLoanScreen.kt:79:44 'val Icons.Filled.ArrowBack: ImageVector' is deprecated. Use the AutoMirrored version at Icons.AutoMirrored.Filled.ArrowBack.
w: file:///home/runner/work/pocketcare-app/pocketcare-app/apps/android/app/src/main/java/com/sanvya/app/ui/loans/AddLoanScreen.kt:163:56 'fun Modifier.menuAnchor(): Modifier' is deprecated. Use overload that takes ExposedDropdownMenuAnchorType and enabled parameters.
w: file:///home/runner/work/pocketcare-app/pocketcare-app/apps/android/app/src/main/java/com/sanvya/app/ui/loans/EditLoanScreen.kt:79:44 'val Icons.Filled.ArrowBack: ImageVector' is deprecated. Use the AutoMirrored version at Icons.AutoMirrored.Filled.ArrowBack.
w: file:///home/runner/work/pocketcare-app/pocketcare-app/apps/android/app/src/main/java/com/sanvya/app/ui/loans/LoanDetailScreen.kt:74:44 'val Icons.Filled.ArrowBack: ImageVector' is deprecated. Use the AutoMirrored version at Icons.AutoMirrored.Filled.ArrowBack.
w: file:///home/runner/work/pocketcare-app/pocketcare-app/apps/android/app/src/main/java/com/sanvya/app/ui/loans/LoanDetailScreen.kt:349:60 'fun Modifier.menuAnchor(): Modifier' is deprecated. Use overload that takes ExposedDropdownMenuAnchorType and enabled parameters.
w: file:///home/runner/work/pocketcare-app/pocketcare-app/apps/android/app/src/main/java/com/sanvya/app/ui/loans/LoanDetailViewModel.kt:123:29 This declaration needs opt-in. Its usage should be marked with '@kotlinx.coroutines.ExperimentalCoroutinesApi' or '@OptIn(kotlinx.coroutines.ExperimentalCoroutinesApi::class)'
w: file:///home/runner/work/pocketcare-app/pocketcare-app/apps/android/app/src/main/java/com/sanvya/app/ui/receipts/ReceiptCaptureScreen.kt:57:26 'val LocalLifecycleOwner: ProvidableCompositionLocal<LifecycleOwner>' is deprecated. Moved to lifecycle-runtime-compose library in androidx.lifecycle.compose package.
w: file:///home/runner/work/pocketcare-app/pocketcare-app/apps/android/app/src/main/java/com/sanvya/app/ui/receipts/ReceiptCaptureScreen.kt:85:71 'val Icons.Filled.ArrowBack: ImageVector' is deprecated. Use the AutoMirrored version at Icons.AutoMirrored.Filled.ArrowBack.
w: file:///home/runner/work/pocketcare-app/pocketcare-app/apps/android/app/src/main/java/com/sanvya/app/ui/receipts/ReceiptReviewScreen.kt:64:86 'val Icons.Filled.ArrowBack: ImageVector' is deprecated. Use the AutoMirrored version at Icons.AutoMirrored.Filled.ArrowBack.
w: file:///home/runner/work/pocketcare-app/pocketcare-app/apps/android/app/src/main/java/com/sanvya/app/ui/shell/WindowClass.kt:178:43 Unnecessary safe call on a non-null receiver of type 'Activity'.
w: file:///home/runner/work/pocketcare-app/pocketcare-app/apps/android/app/src/main/java/com/sanvya/app/ui/splits/GroupDetailScreen.kt:53:86 'val Icons.Filled.ArrowBack: ImageVector' is deprecated. Use the AutoMirrored version at Icons.AutoMirrored.Filled.ArrowBack.
w: file:///home/runner/work/pocketcare-app/pocketcare-app/apps/android/app/src/main/java/com/sanvya/app/ui/splits/PayViaUpiDialog.kt:44:21 'val LocalClipboardManager: ProvidableCompositionLocal<ClipboardManager>' is deprecated. Use LocalClipboard instead which supports suspend functions.
w: file:///home/runner/work/pocketcare-app/pocketcare-app/apps/android/app/src/main/java/com/sanvya/app/ui/splits/SplitsScreen.kt:72:13 'fun TabRow(selectedTabIndex: Int, modifier: Modifier = ..., containerColor: Color = ..., contentColor: Color = ..., indicator: ComposableFunction1<List<TabPosition>, Unit> = ..., divider: ComposableFunction0<Unit> = ..., tabs: ComposableFunction0<Unit>): Unit' is deprecated. Replaced with PrimaryTabRow and SecondaryTabRow.
w: file:///home/runner/work/pocketcare-app/pocketcare-app/apps/android/app/src/main/java/com/sanvya/app/ui/transactions/CategoryPicker.kt:44:48 'fun Modifier.menuAnchor(): Modifier' is deprecated. Use overload that takes ExposedDropdownMenuAnchorType and enabled parameters.
w: file:///home/runner/work/pocketcare-app/pocketcare-app/apps/android/app/src/main/java/com/sanvya/app/ui/transactions/CreateTransactionScreen.kt:57:44 'val Icons.Filled.ArrowBack: ImageVector' is deprecated. Use the AutoMirrored version at Icons.AutoMirrored.Filled.ArrowBack.
w: file:///home/runner/work/pocketcare-app/pocketcare-app/apps/android/app/src/main/java/com/sanvya/app/ui/transactions/EditTransactionScreen.kt:54:44 'val Icons.Filled.ArrowBack: ImageVector' is deprecated. Use the AutoMirrored version at Icons.AutoMirrored.Filled.ArrowBack.

> Task :app:dexBuilderRelease
> Task :app:compileDebugJavaWithJavac NO-SOURCE
> Task :app:processDebugJavaRes
> Task :app:mergeDebugJavaResource
> Task :app:dexBuilderDebug
> Task :app:mergeReleaseGlobalSynthetics FROM-CACHE
> Task :app:generateReleaseLintVitalReportModel
> Task :app:mergeProjectDexDebug
> Task :app:processReleaseJavaRes
> Task :app:packageDebug
> Task :app:createDebugApkListingFileRedirect
> Task :app:assembleDebug
> Task :app:mergeReleaseJavaResource
> Task :app:bundleDebugClassesToCompileJar
> Task :app:generateDebugLintReportModel
> Task :app:generateDebugAndroidTestLintModel
> Task :app:generateDebugUnitTestLintModel
> Task :app:lintAnalyzeDebugAndroidTest
> Task :app:mergeDexRelease
> Task :app:lintVitalAnalyzeRelease
> Task :app:lintAnalyzeDebugUnitTest
> Task :app:bundleDebugClassesToRuntimeJar
> Task :app:compileDebugUnitTestKotlin FROM-CACHE
> Task :app:compileDebugUnitTestJavaWithJavac NO-SOURCE
> Task :app:processDebugUnitTestJavaRes
> Task :app:compileReleaseArtProfile
> Task :app:testDebugUnitTest
> Task :app:test
> Task :app:lintAnalyzeDebug
> Task :app:lintVitalReportRelease SKIPPED
> Task :app:lintVitalRelease SKIPPED
> Task :app:packageRelease FAILED

> Task :app:lintReportDebug
Wrote HTML report to file:///home/runner/work/pocketcare-app/pocketcare-app/apps/android/app/build/reports/lint-results-debug.html

> Task :app:lintDebug
> Task :app:lint
> Task :app:check
gradle/actions: Writing build results to /home/runner/work/_temp/.gradle-actions/build-results/__run_2-1787566078589.json

[Incubating] Problems report is available at: file:///home/runner/work/pocketcare-app/pocketcare-app/apps/android/build/reports/problems/problems-report.html

FAILURE: Build failed with an exception.

* What went wrong:
Execution failed for task ':app:packageRelease'.
> A failure occurred while executing com.android.build.gradle.tasks.PackageAndroidArtifact$IncrementalSplitterRunnable

* Try:
> Run with --info or --debug option to get more log output.
> Run with --scan to get full insights from a Build Scan (powered by Develocity).
> Get more help at https://help.gradle.org.

* Exception is:
org.gradle.api.tasks.TaskExecutionException: Execution failed for task ':app:packageRelease'.
	at org.gradle.api.internal.tasks.execution.ExecuteActionsTaskExecuter.lambda$executeIfValid$1(ExecuteActionsTaskExecuter.java:135)
	at org.gradle.internal.Try$Failure.ifSuccessfulOrElse(Try.java:288)
	at org.gradle.api.internal.tasks.execution.ExecuteActionsTaskExecuter.executeIfValid(ExecuteActionsTaskExecuter.java:133)
	at org.gradle.api.internal.tasks.execution.ExecuteActionsTaskExecuter.execute(ExecuteActionsTaskExecuter.java:121)
	at org.gradle.api.internal.tasks.execution.ProblemsTaskPathTrackingTaskExecuter.execute(ProblemsTaskPathTrackingTaskExecuter.java:41)
	at org.gradle.api.internal.tasks.execution.ResolveTaskExecutionModeExecuter.execute(ResolveTaskExecutionModeExecuter.java:51)
	at org.gradle.api.internal.tasks.execution.FinalizePropertiesTaskExecuter.execute(FinalizePropertiesTaskExecuter.java:46)
	at org.gradle.api.internal.tasks.execution.SkipTaskWithNoActionsExecuter.execute(SkipTaskWithNoActionsExecuter.java:57)
	at org.gradle.api.internal.tasks.execution.SkipOnlyIfTaskExecuter.execute(SkipOnlyIfTaskExecuter.java:74)
	at org.gradle.api.internal.tasks.execution.CatchExceptionTaskExecuter.execute(CatchExceptionTaskExecuter.java:36)
	at org.gradle.api.internal.tasks.execution.EventFiringTaskExecuter$1.executeTask(EventFiringTaskExecuter.java:77)
	at org.gradle.api.internal.tasks.execution.EventFiringTaskExecuter$1.call(EventFiringTaskExecuter.java:55)
	at org.gradle.api.internal.tasks.execution.EventFiringTaskExecuter$1.call(EventFiringTaskExecuter.java:52)
	at org.gradle.internal.operations.DefaultBuildOperationRunner$CallableBuildOperationWorker.execute(DefaultBuildOperationRunner.java:210)
	at org.gradle.internal.operations.DefaultBuildOperationRunner$CallableBuildOperationWorker.execute(DefaultBuildOperationRunner.java:205)
	at org.gradle.internal.operations.DefaultBuildOperationRunner$2.execute(DefaultBuildOperationRunner.java:67)
	at org.gradle.internal.operations.DefaultBuildOperationRunner$2.execute(DefaultBuildOperationRunner.java:60)
	at org.gradle.internal.operations.DefaultBuildOperationRunner.execute(DefaultBuildOperationRunner.java:167)
	at org.gradle.internal.operations.DefaultBuildOperationRunner.execute(DefaultBuildOperationRunner.java:60)
	at org.gradle.internal.operations.DefaultBuildOperationRunner.call(DefaultBuildOperationRunner.java:54)
	at org.gradle.api.internal.tasks.execution.EventFiringTaskExecuter.execute(EventFiringTaskExecuter.java:52)
	at org.gradle.execution.plan.DefaultNodeExecutor.executeLocalTaskNode(DefaultNodeExecutor.java:55)
	at org.gradle.execution.plan.DefaultNodeExecutor.execute(DefaultNodeExecutor.java:34)
	at org.gradle.execution.taskgraph.DefaultTaskExecutionGraph$InvokeNodeExecutorsAction.execute(DefaultTaskExecutionGraph.java:355)
	at org.gradle.execution.taskgraph.DefaultTaskExecutionGraph$InvokeNodeExecutorsAction.execute(DefaultTaskExecutionGraph.java:343)
	at org.gradle.execution.taskgraph.DefaultTaskExecutionGraph$BuildOperationAwareExecutionAction.lambda$execute$0(DefaultTaskExecutionGraph.java:339)
	at org.gradle.internal.operations.CurrentBuildOperationRef.with(CurrentBuildOperationRef.java:84)
	at org.gradle.execution.taskgraph.DefaultTaskExecutionGraph$BuildOperationAwareExecutionAction.execute(DefaultTaskExecutionGraph.java:339)
	at org.gradle.execution.taskgraph.DefaultTaskExecutionGraph$BuildOperationAwareExecutionAction.execute(DefaultTaskExecutionGraph.java:328)
	at org.gradle.execution.plan.DefaultPlanExecutor$ExecutorWorker.execute(DefaultPlanExecutor.java:459)
	at org.gradle.execution.plan.DefaultPlanExecutor$ExecutorWorker.run(DefaultPlanExecutor.java:376)
	at org.gradle.execution.plan.DefaultPlanExecutor.process(DefaultPlanExecutor.java:111)
	at org.gradle.execution.taskgraph.DefaultTaskExecutionGraph.executeWithServices(DefaultTaskExecutionGraph.java:146)
	at org.gradle.execution.taskgraph.DefaultTaskExecutionGraph.execute(DefaultTaskExecutionGraph.java:131)
	at org.gradle.execution.SelectedTaskExecutionAction.execute(SelectedTaskExecutionAction.java:35)
	at org.gradle.execution.BuildOperationFiringBuildWorkerExecutor$ExecuteTasks.call(BuildOperationFiringBuildWorkerExecutor.java:54)
	at org.gradle.execution.BuildOperationFiringBuildWorkerExecutor$ExecuteTasks.call(BuildOperationFiringBuildWorkerExecutor.java:43)
	at org.gradle.internal.operations.DefaultBuildOperationRunner$CallableBuildOperationWorker.execute(DefaultBuildOperationRunner.java:210)
	at org.gradle.internal.operations.DefaultBuildOperationRunner$CallableBuildOperationWorker.execute(DefaultBuildOperationRunner.java:205)
	at org.gradle.internal.operations.DefaultBuildOperationRunner$2.execute(DefaultBuildOperationRunner.java:67)
	at org.gradle.internal.operations.DefaultBuildOperationRunner$2.execute(DefaultBuildOperationRunner.java:60)
	at org.gradle.internal.operations.DefaultBuildOperationRunner.execute(DefaultBuildOperationRunner.java:167)
	at org.gradle.internal.operations.DefaultBuildOperationRunner.execute(DefaultBuildOperationRunner.java:60)
	at org.gradle.internal.operations.DefaultBuildOperationRunner.call(DefaultBuildOperationRunner.java:54)
	at org.gradle.execution.BuildOperationFiringBuildWorkerExecutor.execute(BuildOperationFiringBuildWorkerExecutor.java:40)
	at org.gradle.internal.build.DefaultBuildLifecycleController.lambda$executeTasks$11(DefaultBuildLifecycleController.java:323)
	at org.gradle.internal.model.StateTransitionController.doTransition(StateTransitionController.java:304)
	at org.gradle.internal.model.StateTransitionController.lambda$tryTransition$9(StateTransitionController.java:215)
	at org.gradle.internal.work.DefaultSynchronizer.withLock(DefaultSynchronizer.java:45)
	at org.gradle.internal.model.StateTransitionController.tryTransition(StateTransitionController.java:215)
	at org.gradle.internal.build.DefaultBuildLifecycleController.executeTasks(DefaultBuildLifecycleController.java:314)
	at org.gradle.internal.build.DefaultBuildWorkGraphController$DefaultBuildWorkGraph.runWork(DefaultBuildWorkGraphController.java:220)
	at org.gradle.internal.work.DefaultWorkerLeaseService.lambda$withLocksAcquired$0(DefaultWorkerLeaseService.java:275)
	at org.gradle.internal.work.ResourceLockStatistics$1.measure(ResourceLockStatistics.java:43)
	at org.gradle.internal.work.DefaultWorkerLeaseService.withLocksAcquired(DefaultWorkerLeaseService.java:273)
	at org.gradle.internal.work.DefaultWorkerLeaseService.withLocks(DefaultWorkerLeaseService.java:265)
	at org.gradle.internal.work.DefaultWorkerLeaseService.runAsWorkerThread(DefaultWorkerLeaseService.java:128)
	at org.gradle.composite.internal.DefaultBuildController.doRun(DefaultBuildController.java:182)
	at org.gradle.composite.internal.DefaultBuildController.access$000(DefaultBuildController.java:50)
	at org.gradle.composite.internal.DefaultBuildController$BuildOpRunnable.lambda$run$0(DefaultBuildController.java:199)
	at org.gradle.internal.operations.CurrentBuildOperationRef.with(CurrentBuildOperationRef.java:84)
	at org.gradle.composite.internal.DefaultBuildController$BuildOpRunnable.run(DefaultBuildController.java:199)
	at org.gradle.internal.concurrent.ExecutorPolicy$CatchAndRecordFailures.onExecute(ExecutorPolicy.java:64)
	at org.gradle.internal.concurrent.AbstractManagedExecutor$1.run(AbstractManagedExecutor.java:47)
Caused by: org.gradle.workers.internal.DefaultWorkerExecutor$WorkExecutionException: A failure occurred while executing com.android.build.gradle.tasks.PackageAndroidArtifact$IncrementalSplitterRunnable
	at org.gradle.workers.internal.DefaultWorkerExecutor$WorkItemExecution.waitForCompletion(DefaultWorkerExecutor.java:289)
	at org.gradle.internal.work.DefaultAsyncWorkTracker.lambda$waitForItemsAndGatherFailures$2(DefaultAsyncWorkTracker.java:130)
	at org.gradle.internal.Factories$1.create(Factories.java:30)
	at org.gradle.internal.work.DefaultWorkerLeaseService.lambda$withoutLocks$2(DefaultWorkerLeaseService.java:350)
	at org.gradle.internal.work.ResourceLockStatistics$1.measure(ResourceLockStatistics.java:43)
	at org.gradle.internal.work.DefaultWorkerLeaseService.withoutLocks(DefaultWorkerLeaseService.java:348)
	at org.gradle.internal.work.DefaultWorkerLeaseService.withoutLocks(DefaultWorkerLeaseService.java:332)
	at org.gradle.internal.work.DefaultWorkerLeaseService.withoutLock(DefaultWorkerLeaseService.java:337)
	at org.gradle.internal.work.DefaultAsyncWorkTracker.waitForItemsAndGatherFailures(DefaultAsyncWorkTracker.java:126)
	at org.gradle.internal.work.DefaultAsyncWorkTracker.lambda$waitForItemsAndGatherFailures$0(DefaultAsyncWorkTracker.java:100)
	at org.gradle.internal.Factories$1.create(Factories.java:30)
	at org.gradle.internal.work.DefaultWorkerLeaseService.lambda$withoutLocks$2(DefaultWorkerLeaseService.java:350)
	at org.gradle.internal.work.ResourceLockStatistics$1.measure(ResourceLockStatistics.java:43)
	at org.gradle.internal.work.DefaultWorkerLeaseService.withoutLocks(DefaultWorkerLeaseService.java:348)
	at org.gradle.internal.work.DefaultWorkerLeaseService.runAsIsolatedTask(DefaultWorkerLeaseService.java:215)
	at org.gradle.internal.work.DefaultWorkerLeaseService.runAsIsolatedTask(DefaultWorkerLeaseService.java:204)
	at org.gradle.internal.work.DefaultAsyncWorkTracker.waitForItemsAndGatherFailures(DefaultAsyncWorkTracker.java:100)
	at org.gradle.internal.work.DefaultAsyncWorkTracker.waitForAll(DefaultAsyncWorkTracker.java:78)
	at org.gradle.internal.work.DefaultAsyncWorkTracker.waitForCompletion(DefaultAsyncWorkTracker.java:66)
	at org.gradle.api.internal.tasks.execution.TaskExecution$3.run(TaskExecution.java:267)
	at org.gradle.internal.operations.DefaultBuildOperationRunner$1.execute(DefaultBuildOperationRunner.java:30)
	at org.gradle.internal.operations.DefaultBuildOperationRunner$1.execute(DefaultBuildOperationRunner.java:27)
	at org.gradle.internal.operations.DefaultBuildOperationRunner$2.execute(DefaultBuildOperationRunner.java:67)
	at org.gradle.internal.operations.DefaultBuildOperationRunner$2.execute(DefaultBuildOperationRunner.java:60)
	at org.gradle.internal.operations.DefaultBuildOperationRunner.execute(DefaultBuildOperationRunner.java:167)
	at org.gradle.internal.operations.DefaultBuildOperationRunner.execute(DefaultBuildOperationRunner.java:60)
	at org.gradle.internal.operations.DefaultBuildOperationRunner.run(DefaultBuildOperationRunner.java:48)
	at org.gradle.api.internal.tasks.execution.TaskExecution.executeAction(TaskExecution.java:244)
	at org.gradle.api.internal.tasks.execution.TaskExecution.executeActions(TaskExecution.java:227)
	at org.gradle.api.internal.tasks.execution.TaskExecution.executeWithPreviousOutputFiles(TaskExecution.java:210)
	at org.gradle.api.internal.tasks.execution.TaskExecution.execute(TaskExecution.java:176)
	at org.gradle.internal.execution.steps.ExecuteStep.executeInternal(ExecuteStep.java:167)
	at org.gradle.internal.execution.steps.ExecuteStep.access$000(ExecuteStep.java:47)
	at org.gradle.internal.execution.steps.ExecuteStep$1.call(ExecuteStep.java:137)
	at org.gradle.internal.execution.steps.ExecuteStep$1.call(ExecuteStep.java:134)
	at org.gradle.internal.operations.DefaultBuildOperationRunner$CallableBuildOperationWorker.execute(DefaultBuildOperationRunner.java:210)
	at org.gradle.internal.operations.DefaultBuildOperationRunner$CallableBuildOperationWorker.execute(DefaultBuildOperationRunner.java:205)
	at org.gradle.internal.operations.DefaultBuildOperationRunner$2.execute(DefaultBuildOperationRunner.java:67)
	at org.gradle.internal.operations.DefaultBuildOperationRunner$2.execute(DefaultBuildOperationRunner.java:60)
	at org.gradle.internal.operations.DefaultBuildOperationRunner.execute(DefaultBuildOperationRunner.java:167)
	at org.gradle.internal.operations.DefaultBuildOperationRunner.execute(DefaultBuildOperationRunner.java:60)
	at org.gradle.internal.operations.DefaultBuildOperationRunner.call(DefaultBuildOperationRunner.java:54)
	at org.gradle.internal.execution.steps.ExecuteStep.execute(ExecuteStep.java:134)
	at org.gradle.internal.execution.steps.ExecuteStep$Mutable.execute(ExecuteStep.java:80)
	at org.gradle.internal.execution.steps.CancelExecutionStep.execute(CancelExecutionStep.java:42)
	at org.gradle.internal.execution.steps.TimeoutStep.executeWithoutTimeout(TimeoutStep.java:75)
	at org.gradle.internal.execution.steps.TimeoutStep.execute(TimeoutStep.java:55)
	at org.gradle.internal.execution.steps.PreCreateOutputParentsStep.execute(PreCreateOutputParentsStep.java:51)
	at org.gradle.internal.execution.steps.PreCreateOutputParentsStep.execute(PreCreateOutputParentsStep.java:29)
	at org.gradle.internal.execution.steps.RemovePreviousOutputsStep.executeMutable(RemovePreviousOutputsStep.java:67)
	at org.gradle.internal.execution.steps.RemovePreviousOutputsStep.executeMutable(RemovePreviousOutputsStep.java:39)
	at org.gradle.internal.execution.steps.MutableStep.execute(MutableStep.java:26)
	at org.gradle.internal.execution.steps.BroadcastChangingOutputsStep.execute(BroadcastChangingOutputsStep.java:42)
	at org.gradle.internal.execution.steps.BroadcastChangingOutputsStep.execute(BroadcastChangingOutputsStep.java:24)
	at org.gradle.internal.execution.steps.CaptureOutputsAfterExecutionStep.execute(CaptureOutputsAfterExecutionStep.java:69)
	at org.gradle.internal.execution.steps.CaptureOutputsAfterExecutionStep.execute(CaptureOutputsAfterExecutionStep.java:46)
	at org.gradle.internal.execution.steps.ResolveInputChangesStep.executeMutable(ResolveInputChangesStep.java:39)
	at org.gradle.internal.execution.steps.ResolveInputChangesStep.executeMutable(ResolveInputChangesStep.java:28)
	at org.gradle.internal.execution.steps.MutableStep.execute(MutableStep.java:26)
	at org.gradle.internal.execution.steps.BuildCacheStep.executeWithoutCache(BuildCacheStep.java:189)
	at org.gradle.internal.execution.steps.BuildCacheStep.lambda$execute$1(BuildCacheStep.java:76)
	at org.gradle.internal.Either$Right.fold(Either.java:176)
	at org.gradle.internal.execution.caching.CachingState.fold(CachingState.java:62)
	at org.gradle.internal.execution.steps.BuildCacheStep.execute(BuildCacheStep.java:74)
	at org.gradle.internal.execution.steps.BuildCacheStep.execute(BuildCacheStep.java:49)
	at org.gradle.internal.execution.steps.StoreExecutionStateStep.executeMutable(StoreExecutionStateStep.java:46)
	at org.gradle.internal.execution.steps.StoreExecutionStateStep.executeMutable(StoreExecutionStateStep.java:35)
	at org.gradle.internal.execution.steps.MutableStep.execute(MutableStep.java:26)
	at org.gradle.internal.execution.steps.SkipUpToDateStep.executeBecause(SkipUpToDateStep.java:75)
	at org.gradle.internal.execution.steps.SkipUpToDateStep.lambda$execute$2(SkipUpToDateStep.java:53)
	at org.gradle.internal.execution.steps.SkipUpToDateStep.execute(SkipUpToDateStep.java:53)
	at org.gradle.internal.execution.steps.SkipUpToDateStep.execute(SkipUpToDateStep.java:35)
	at org.gradle.internal.execution.steps.legacy.MarkSnapshottingInputsFinishedStep.execute(MarkSnapshottingInputsFinishedStep.java:37)
	at org.gradle.internal.execution.steps.legacy.MarkSnapshottingInputsFinishedStep.execute(MarkSnapshottingInputsFinishedStep.java:27)
	at org.gradle.internal.execution.steps.ResolveMutableCachingStateStep.executeDelegate(ResolveMutableCachingStateStep.java:70)
	at org.gradle.internal.execution.steps.ResolveMutableCachingStateStep.executeDelegate(ResolveMutableCachingStateStep.java:32)
	at org.gradle.internal.execution.steps.AbstractResolveCachingStateStep.execute(AbstractResolveCachingStateStep.java:69)
	at org.gradle.internal.execution.steps.AbstractResolveCachingStateStep.execute(AbstractResolveCachingStateStep.java:37)
	at org.gradle.internal.execution.steps.ResolveChangesStep.executeMutable(ResolveChangesStep.java:63)
	at org.gradle.internal.execution.steps.ResolveChangesStep.executeMutable(ResolveChangesStep.java:34)
	at org.gradle.internal.execution.steps.MutableStep.execute(MutableStep.java:26)
	at org.gradle.internal.execution.steps.ValidateStep$Mutable.executeDelegate(ValidateStep.java:79)
	at org.gradle.internal.execution.steps.ValidateStep$Mutable.executeDelegate(ValidateStep.java:65)
	at org.gradle.internal.execution.steps.ValidateStep.execute(ValidateStep.java:99)
	at org.gradle.internal.execution.steps.ValidateStep$Mutable.execute(ValidateStep.java:65)
	at org.gradle.internal.execution.steps.CaptureMutableStateBeforeExecutionStep.executeMutable(CaptureMutableStateBeforeExecutionStep.java:86)
	at org.gradle.internal.execution.steps.CaptureMutableStateBeforeExecutionStep.execute(CaptureMutableStateBeforeExecutionStep.java:65)
	at org.gradle.internal.execution.steps.CaptureMutableStateBeforeExecutionStep.execute(CaptureMutableStateBeforeExecutionStep.java:45)
	at org.gradle.internal.execution.steps.SkipEmptyMutableWorkStep.executeWithNonEmptySources(SkipEmptyMutableWorkStep.java:210)
	at org.gradle.internal.execution.steps.SkipEmptyMutableWorkStep.executeMutable(SkipEmptyMutableWorkStep.java:85)
	at org.gradle.internal.execution.steps.SkipEmptyMutableWorkStep.executeMutable(SkipEmptyMutableWorkStep.java:53)
	at org.gradle.internal.execution.steps.MutableStep.execute(MutableStep.java:26)
	at org.gradle.internal.execution.steps.legacy.MarkSnapshottingInputsStartedStep.execute(MarkSnapshottingInputsStartedStep.java:38)
	at org.gradle.internal.execution.steps.LoadPreviousExecutionStateStep.executeMutable(LoadPreviousExecutionStateStep.java:36)
	at org.gradle.internal.execution.steps.LoadPreviousExecutionStateStep.executeMutable(LoadPreviousExecutionStateStep.java:23)
	at org.gradle.internal.execution.steps.MutableStep.execute(MutableStep.java:26)
	at org.gradle.internal.execution.steps.HandleStaleOutputsStep.executeMutable(HandleStaleOutputsStep.java:77)
	at org.gradle.internal.execution.steps.HandleStaleOutputsStep.executeMutable(HandleStaleOutputsStep.java:43)
	at org.gradle.internal.execution.steps.MutableStep.execute(MutableStep.java:26)
	at org.gradle.internal.execution.steps.AssignMutableWorkspaceStep.lambda$executeMutable$0(AssignMutableWorkspaceStep.java:34)
	at org.gradle.api.internal.tasks.execution.TaskExecution$4.withWorkspace(TaskExecution.java:305)
	at org.gradle.internal.execution.steps.AssignMutableWorkspaceStep.executeMutable(AssignMutableWorkspaceStep.java:30)
	at org.gradle.internal.execution.steps.AssignMutableWorkspaceStep.executeMutable(AssignMutableWorkspaceStep.java:21)
	at org.gradle.internal.execution.steps.MutableStep.execute(MutableStep.java:26)
	at org.gradle.internal.execution.steps.ChoosePipelineStep.execute(ChoosePipelineStep.java:40)
	at org.gradle.internal.execution.steps.ChoosePipelineStep.execute(ChoosePipelineStep.java:23)
	at org.gradle.internal.execution.steps.ExecuteWorkBuildOperationFiringStep.lambda$execute$2(ExecuteWorkBuildOperationFiringStep.java:67)
	at org.gradle.internal.execution.steps.ExecuteWorkBuildOperationFiringStep.execute(ExecuteWorkBuildOperationFiringStep.java:67)
	at org.gradle.internal.execution.steps.ExecuteWorkBuildOperationFiringStep.execute(ExecuteWorkBuildOperationFiringStep.java:39)
	at org.gradle.internal.execution.steps.IdentityCacheStep.execute(IdentityCacheStep.java:46)
	at org.gradle.internal.execution.steps.IdentityCacheStep.execute(IdentityCacheStep.java:34)
	at org.gradle.internal.execution.steps.IdentifyStep.execute(IdentifyStep.java:56)
	at org.gradle.internal.execution.steps.IdentifyStep.execute(IdentifyStep.java:38)
	at org.gradle.internal.execution.impl.DefaultExecutionEngine$1.execute(DefaultExecutionEngine.java:68)
	at org.gradle.api.internal.tasks.execution.ExecuteActionsTaskExecuter.executeIfValid(ExecuteActionsTaskExecuter.java:132)
	... 61 more
Caused by: java.lang.OutOfMemoryError
	at com.android.builder.internal.packaging.ApkFlinger.close(ApkFlinger.kt:232)
	at com.google.common.io.Closer.close(Closer.java:205)
	at com.android.builder.internal.packaging.IncrementalPackager.close(IncrementalPackager.java:525)
	at kotlin.io.CloseableKt.closeFinally(Closeable.kt:47)
	at com.android.build.gradle.tasks.PackageAndroidArtifact$Companion.doTask(PackageAndroidArtifact.kt:956)
	at com.android.build.gradle.tasks.PackageAndroidArtifact$Companion.access$doTask(PackageAndroidArtifact.kt:759)
	at com.android.build.gradle.tasks.PackageAndroidArtifact$IncrementalSplitterRunnable.doExecute(PackageAndroidArtifact.kt:414)
	at com.android.build.gradle.internal.workeractions.WorkActionAdapter.execute(WorkActionAdapter.kt:34)
	at com.android.build.gradle.tasks.PackageAndroidArtifact$IncrementalSplitterRunnable.execute(PackageAndroidArtifact.kt:383)
	at org.gradle.workers.internal.DefaultWorkerServer.execute(DefaultWorkerServer.java:68)
	at org.gradle.workers.internal.NoIsolationWorkerFactory$1$1.create(NoIsolationWorkerFactory.java:64)
	at org.gradle.workers.internal.NoIsolationWorkerFactory$1$1.create(NoIsolationWorkerFactory.java:61)
	at org.gradle.internal.classloader.ClassLoaderUtils.executeInClassloader(ClassLoaderUtils.java:102)
	at org.gradle.workers.internal.NoIsolationWorkerFactory$1.lambda$execute$0(NoIsolationWorkerFactory.java:61)
	at org.gradle.workers.internal.AbstractWorker$1.call(AbstractWorker.java:44)
	at org.gradle.workers.internal.AbstractWorker$1.call(AbstractWorker.java:41)
	at org.gradle.internal.operations.DefaultBuildOperationRunner$CallableBuildOperationWorker.execute(DefaultBuildOperationRunner.java:210)
	at org.gradle.internal.operations.DefaultBuildOperationRunner$CallableBuildOperationWorker.execute(DefaultBuildOperationRunner.java:205)
	at org.gradle.internal.operations.DefaultBuildOperationRunner$2.execute(DefaultBuildOperationRunner.java:67)
	at org.gradle.internal.operations.DefaultBuildOperationRunner$2.execute(DefaultBuildOperationRunner.java:60)
	at org.gradle.internal.operations.DefaultBuildOperationRunner.execute(DefaultBuildOperationRunner.java:167)
	at org.gradle.internal.operations.DefaultBuildOperationRunner.execute(DefaultBuildOperationRunner.java:60)
	at org.gradle.internal.operations.DefaultBuildOperationRunner.call(DefaultBuildOperationRunner.java:54)
	at org.gradle.workers.internal.AbstractWorker.executeWrappedInBuildOperation(AbstractWorker.java:41)
	at org.gradle.workers.internal.NoIsolationWorkerFactory$1.execute(NoIsolationWorkerFactory.java:58)
	at org.gradle.workers.internal.DefaultWorkerExecutor.lambda$submitWork$0(DefaultWorkerExecutor.java:176)
	at org.gradle.internal.work.DefaultConditionalExecutionQueue$ExecutionRunner.runExecution(DefaultConditionalExecutionQueue.java:194)
	at org.gradle.internal.work.DefaultConditionalExecutionQueue$ExecutionRunner.access$700(DefaultConditionalExecutionQueue.java:127)
	at org.gradle.internal.work.DefaultConditionalExecutionQueue$ExecutionRunner$1.run(DefaultConditionalExecutionQueue.java:169)
	at org.gradle.internal.Factories$1.create(Factories.java:30)
	at org.gradle.internal.work.DefaultWorkerLeaseService.lambda$withLocksAcquired$0(DefaultWorkerLeaseService.java:275)
	at org.gradle.internal.work.ResourceLockStatistics$1.measure(ResourceLockStatistics.java:43)
	at org.gradle.internal.work.DefaultWorkerLeaseService.withLocksAcquired(DefaultWorkerLeaseService.java:273)
	at org.gradle.internal.work.DefaultWorkerLeaseService.withLocks(DefaultWorkerLeaseService.java:265)
	at org.gradle.internal.work.DefaultWorkerLeaseService.runAsWorkerThread(DefaultWorkerLeaseService.java:128)
	at org.gradle.internal.work.DefaultWorkerLeaseService.runAsWorkerThread(DefaultWorkerLeaseService.java:133)
	at org.gradle.internal.work.DefaultConditionalExecutionQueue$ExecutionRunner.runBatch(DefaultConditionalExecutionQueue.java:164)
	at org.gradle.internal.work.DefaultConditionalExecutionQueue$ExecutionRunner.run(DefaultConditionalExecutionQueue.java:133)
	... 2 more
Caused by: java.lang.OutOfMemoryError: Java heap space
	at org.gradle.internal.classpath.declarations.NioFileInterceptors.intercept_readAllBytes(NioFileInterceptors.java:191)
	at com.android.zipflinger.BytesSource.<init>(BytesSource.java:49)
	at com.android.zipflinger.Sources.from(Sources.java:50)
	at com.android.zipflinger.Sources.from(Sources.java:33)
	at com.android.builder.internal.packaging.ApkFlinger$writeFile$1.call(ApkFlinger.kt:194)
	at com.android.builder.internal.packaging.ApkFlinger$writeFile$1.call(ApkFlinger.kt:191)


BUILD FAILED in 3m 43s
187 actionable tasks: 107 executed, 80 from cache
[lint] apps/android/app/build/reports/lint-results-debug.xml: 0 error(s)
[lint] apps/android/data/build/reports/lint-results-debug.xml: 0 error(s)
